ets Jul 29 2019 12:21:46

rst:0x1 (POWERON_RESET),boot:0x13 (SPI_FAST_FLASH_BOOT)
configsip: 0, SPIWP:0xee
clk_drv:0x00,q_drv:0x00,d_drv:0x00,cs0_drv:0x00,hd_drv:0x00,wp_drv:0x00
mode:DIO, clock div:2
load:0x3fff0030,len:7172
load:0x40078000,len:15620
load:0x40080400,len:4
ho 8 tail 4 room 4
load:0x40080404,len:3904
entry 0x40080640
[0;32mI (31) boot: ESP-IDF v5.2.5-dirty 2nd stage bootloader[0m
[0;32mI (31) boot: compile time May 24 2025 14:40:16[0m
[0;32mI (31) boot: Multicore bootloader[0m
[0;32mI (36) boot: chip revision: v3.1[0m
[0;32mI (40) boot.esp32: SPI Speed      : 40MHz[0m
[0;32mI (44) boot.esp32: SPI Mode       : DIO[0m
[0;32mI (49) boot.esp32: SPI Flash Size : 2MB[0m
[0;32mI (53) boot: Enabling RNG early entropy source...[0m
[0;32mI (59) boot: Partition Table:[0m
[0;32mI (62) boot: ## Label            Usage          Type ST Offset   Length[0m
[0;32mI (70) boot:  0 nvs              WiFi data        01 02 00009000 00006000[0m
[0;32mI (77) boot:  1 phy_init         RF data          01 01 0000f000 00001000[0m
[0;32mI (85) boot:  2 factory          factory app      00 00 00010000 00100000[0m
[0;32mI (92) boot: End of partition table[0m
[0;32mI (96) esp_image: segment 0: paddr=00010020 vaddr=3f400020 size=0c314h ( 49940) map[0m
[0;32mI (122) esp_image: segment 1: paddr=0001c33c vaddr=3ffb0000 size=02ad4h ( 10964) load[0m
[0;32mI (126) esp_image: segment 2: paddr=0001ee18 vaddr=40080000 size=01200h (  4608) load[0m
[0;32mI (130) esp_image: segment 3: paddr=00020020 vaddr=400d0020 size=18b78h (101240) map[0m
[0;32mI (171) esp_image: segment 4: paddr=00038ba0 vaddr=40081200 size=0d900h ( 55552) load[0m
[0;32mI (200) boot: Loaded app from partition at offset 0x10000[0m
[0;32mI (200) boot: Disabling RNG early entropy source...[0m
[0;32mI (212) cpu_start: Multicore app[0m
[0;32mI (221) cpu_start: Pro cpu start user code[0m
[0;32mI (221) cpu_start: cpu freq: 160000000 Hz[0m
[0;32mI (221) cpu_start: Application information:[0m
[0;32mI (224) cpu_start: Project name:     VXL[0m
[0;32mI (229) cpu_start: App version:      1[0m
[0;32mI (233) cpu_start: Compile time:     May 24 2025 14:39:16[0m
[0;32mI (239) cpu_start: ELF file SHA256:  4d8592782...[0m
[0;32mI (245) cpu_start: ESP-IDF:          v5.2.5-dirty[0m
[0;32mI (250) cpu_start: Min chip rev:     v0.0[0m
[0;32mI (255) cpu_start: Max chip rev:     v3.99 [0m
[0;32mI (259) cpu_start: Chip rev:         v3.1[0m
[0;32mI (264) heap_init: Initializing. RAM available for dynamic allocation:[0m
[0;32mI (272) heap_init: At 3FFAE6E0 len 00001920 (6 KiB): DRAM[0m
[0;32mI (277) heap_init: At 3FFB3910 len 0002C6F0 (177 KiB): DRAM[0m
[0;32mI (284) heap_init: At 3FFE0440 len 00003AE0 (14 KiB): D/IRAM[0m
[0;32mI (290) heap_init: At 3FFE4350 len 0001BCB0 (111 KiB): D/IRAM[0m
[0;32mI (296) heap_init: At 4008EB00 len 00011500 (69 KiB): IRAM[0m
[0;32mI (304) spi_flash: detected chip: generic[0m
[0;32mI (307) spi_flash: flash io: dio[0m
[0;33mW (311) spi_flash: Detected size(4096k) larger than the size in the binary image header(2048k). Using the size in the binary image header.[0m
[0;33mW (324) i2c: This driver is an old driver, please migrate your application code to adapt `driver/i2c_master.h`[0m
[0;32mI (336) main_task: Started on CPU0[0m
[0;32mI (346) main_task: Calling app_main()[0m
[0;32mI (346) OLED: OLED configured successfully[0m
[0;33mW (486) i2s_platform: i2s controller 0 has been occupied by i2s_driver[0m
[0;31mE (486) i2s_common: i2s_new_channel(817): no available channel found[0m
ESP_ERROR_CHECK failed: esp_err_t 0x105 (ESP_ERR_NOT_FOUND) at 0x400d5cd6
file: "./lib/esp_inmp441.c" line 18
func: i2s_install
expression: i2s_new_channel(&chan_cfg, NULL, &rx_channel)

abort() was called at PC 0x40087273 on core 0


Backtrace: 0x400817ea:0x3ffb5a60 0x4008727d:0x3ffb5a80 0x4008d3e9:0x3ffb5aa0 0x40087273:0x3ffb5b10 0x400d5cd6:0x3ffb5b40 0x400d5d4f:0x3ffb5bc0 0x400d5990:0x3ffb5bf0 0x400e8248:0x3ffb5c10 0x40087d95:0x3ffb5c40




ELF file SHA256: 4d8592782

Rebooting...
ets Jul 29 2019 12:21:46

rst:0xc (SW_CPU_RESET),boot:0x13 (SPI_FAST_FLASH_BOOT)
configsip: 0, SPIWP:0xee
clk_drv:0x00,q_drv:0x00,d_drv:0x00,cs0_drv:0x00,hd_drv:0x00,wp_drv:0x00
mode:DIO, clock div:2
load:0x3fff0030,len:7172
load:0x40078000,len:15620
load:0x40080400,len:4
ho 8 tail 4 room 4
load:0x40080404,len:3904
entry 0x40080640
[0;32mI (31) boot: ESP-IDF v5.2.5-dirty 2nd stage bootloader[0m
[0;32mI (31) boot: compile time May 24 2025 14:40:16[0m
[0;32mI (31) boot: Multicore bootloader[0m
[0;32mI (36) boot: chip revision: v3.1[0m
[0;32mI (40) boot.esp32: SPI Speed      : 40MHz[0m
[0;32mI (44) boot.esp32: SPI Mode       : DIO[0m
[0;32mI (49) boot.esp32: SPI Flash Size : 2MB[0m
[0;32mI (53) boot: Enabling RNG early entropy source...[0m
[0;32mI (59) boot: Partition Table:[0m
[0;32mI (62) boot: ## Label            Usage          Type ST Offset   Length[0m
[0;32mI (70) boot:  0 nvs              WiFi data        01 02 00009000 00006000[0m
[0;32mI (77) boot:  1 phy_init         RF data          01 01 0000f000 00001000[0m
[0;32mI (84) boot:  2 factory          factory app      00 00 00010000 00100000[0m
[0;32mI (92) boot: End of partition table[0m
[0;32mI (96) esp_image: segment 0: paddr=00010020 vaddr=3f400020 size=0c314h ( 49940) map[0m
[0;32mI (122) esp_image: segment 1: paddr=0001c33c vaddr=3ffb0000 size=02ad4h ( 10964) load[0m
[0;32mI (126) esp_image: segment 2: paddr=0001ee18 vaddr=40080000 size=01200h (  4608) load[0m
[0;32mI (129) esp_image: segment 3: paddr=00020020 vaddr=400d0020 size=18b78h (101240) map[0m
[0;32mI (171) esp_image: segment 4: paddr=00038ba0 vaddr=40081200 size=0d900h ( 55552) load[0m
[0;32mI (200) boot: Loaded app from partition at offset 0x10000[0m
[0;32mI (200) boot: Disabling RNG early entropy source...[0m
[0;32mI (212) cpu_start: Multicore app[0m
[0;32mI (221) cpu_start: Pro cpu start user code[0m
[0;32mI (221) cpu_start: cpu freq: 160000000 Hz[0m
[0;32mI (221) cpu_start: Application information:[0m
[0;32mI (224) cpu_start: Project name:     VXL[0m
[0;32mI (229) cpu_start: App version:      1[0m
[0;32mI (233) cpu_start: Compile time:     May 24 2025 14:39:16[0m
[0;32mI (239) cpu_start: ELF file SHA256:  4d8592782...[0m
[0;32mI (244) cpu_start: ESP-IDF:          v5.2.5-dirty[0m
[0;32mI (250) cpu_start: Min chip rev:     v0.0[0m
[0;32mI (255) cpu_start: Max chip rev:     v3.99 [0m
[0;32mI (259) cpu_start: Chip rev:         v3.1[0m
[0;32mI (264) heap_init: Initializing. RAM available for dynamic allocation:[0m
[0;32mI (271) heap_init: At 3FFAE6E0 len 00001920 (6 KiB): DRAM[0m
[0;32mI (277) heap_init: At 3FFB3910 len 0002C6F0 (177 KiB): DRAM[0m
[0;32mI (284) heap_init: At 3FFE0440 len 00003AE0 (14 KiB): D/IRAM[0m
[0;32mI (290) heap_init: At 3FFE4350 len 0001BCB0 (111 KiB): D/IRAM[0m
[0;32mI (296) heap_init: At 4008EB00 len 00011500 (69 KiB): IRAM[0m
[0;32mI (304) spi_flash: detected chip: generic[0m
[0;32mI (307) spi_flash: flash io: dio[0m
[0;33mW (311) spi_flash: Detected size(4096k) larger than the size in the binary image header(2048k). Using the size in the binary image header.[0m
[0;33mW (324) i2c: This driver is an old driver, please migrate your application code to adapt `driver/i2c_master.h`[0m
[0;32mI (336) main_task: Started on CPU0[0m
[0;32mI (346) main_task: Calling app_main()[0m
[0;32mI (346) OLED: OLED configured successfully[0m
[0;33mW (486) i2s_platform: i2s controller 0 has been occupied by i2s_driver[0m
[0;31mE (486) i2s_common: i2s_new_channel(817): no available channel found[0m
ESP_ERROR_CHECK failed: esp_err_t 0x105 (ESP_ERR_NOT_FOUND) at 0x400d5cd6
file: "./lib/esp_inmp441.c" line 18
func: i2s_install
expression: i2s_new_channel(&chan_cfg, NULL, &rx_channel)

abort() was called at PC 0x40087273 on core 0


Backtrace: 0x400817ea:0x3ffb5a60 0x4008727d:0x3ffb5a80 0x4008d3e9:0x3ffb5aa0 0x40087273:0x3ffb5b10 0x400d5cd6:0x3ffb5b40 0x400d5d4f:0x3ffb5bc0 0x400d5990:0x3ffb5bf0 0x400e8248:0x3ffb5c10 0x40087d95:0x3ffb5c40




ELF file SHA256: 4d8592782

Rebooting...
ets Jul 29 2019 12:21:46

rst:0xc (SW_CPU_RESET),boot:0x13 (SPI_FAST_FLASH_BOOT)
configsip: 0, SPIWP:0xee
clk_drv:0x00,q_drv:0x00,d_drv:0x00,cs0_drv:0x00,hd_drv:0x00,wp_drv:0x00
mode:DIO, clock div:2
load:0x3fff0030,len:7172
load:0x40078000,len:15620
load:0x40080400,len:4
ho 8 tail 4 room 4
load:0x40080404,len:3904
entry 0x40080640
[0;32mI (31) boot: ESP-IDF v5.2.5-dirty 2nd stage bootloader[0m
[0;32mI (31) boot: compile time May 24 2025 14:40:16[0m
[0;32mI (31) boot: Multicore bootloader[0m
[0;32mI (36) boot: chip revision: v3.1[0m
[0;32mI (40) boot.esp32: SPI Speed      : 40MHz[0m
[0;32mI (44) boot.esp32: SPI Mode       : DIO[0m
[0;32mI (49) boot.esp32: SPI Flash Size : 2MB[0m
[0;32mI (53) boot: Enabling RNG early entropy source...[0m
[0;32mI (59) boot: Partition Table:[0m
[0;32mI (62) boot: ## Label            Usage          Type ST Offset   Length[0m
[0;32mI (70) boot:  0 nvs              WiFi data        01 02 00009000 00006000[0m
[0;32mI (77) boot:  1 phy_init         RF data          01 01 0000f000 00001000[0m
[0;32mI (84) boot:  2 factory          factory app      00 00 00010000 00100000[0m
[0;32mI (92) boot: End of partition table[0m
[0;32mI (96) esp_image: segment 0: paddr=00010020 vaddr=3f400020 size=0c314h ( 49940) map[0m
[0;32mI (122) esp_image: segment 1: paddr=0001c33c vaddr=3ffb0000 size=02ad4h ( 10964) load[0m
[0;32mI (126) esp_image: segment 2: paddr=0001ee18 vaddr=40080000 size=01200h (  4608) load[0m
[0;32mI (129) esp_image: segment 3: paddr=00020020 vaddr=400d0020 size=18b78h (101240) map[0m
[0;32mI (171) esp_image: segment 4: paddr=00038ba0 vaddr=40081200 size=0d900h ( 55552) load[0m
[0;32mI (200) boot: Loaded app from partition at offset 0x10000[0m
[0;32mI (200) boot: Disabling RNG early entropy source...[0m
[0;32mI (212) cpu_start: Multicore app[0m
[0;32mI (221) cpu_start: Pro cpu start user code[0m
[0;32mI (221) cpu_start: cpu freq: 160000000 Hz[0m
[0;32mI (221) cpu_start: Application information:[0m
[0;32mI (224) cpu_start: Project name:     VXL[0m
[0;32mI (229) cpu_start: App version:      1[0m
[0;32mI (233) cpu_start: Compile time:     May 24 2025 14:39:16[0m
[0;32mI (239) cpu_start: ELF file SHA256:  4d8592782...[0m
[0;32mI (244) cpu_start: ESP-IDF:          v5.2.5-dirty[0m
[0;32mI (250) cpu_start: Min chip rev:     v0.0[0m
[0;32mI (255) cpu_start: Max chip rev:     v3.99 [0m
[0;32mI (259) cpu_start: Chip rev:         v3.1[0m
[0;32mI (264) heap_init: Initializing. RAM available for dynamic allocation:[0m
[0;32mI (271) heap_init: At 3FFAE6E0 len 00001920 (6 KiB): DRAM[0m
[0;32mI (277) heap_init: At 3FFB3910 len 0002C6F0 (177 KiB): DRAM[0m
[0;32mI (284) heap_init: At 3FFE0440 len 00003AE0 (14 KiB): D/IRAM[0m
[0;32mI (290) heap_init: At 3FFE4350 len 0001BCB0 (111 KiB): D/IRAM[0m
[0;32mI (296) heap_init: At 4008EB00 len 00011500 (69 KiB): IRAM[0m
[0;32mI (304) spi_flash: detected chip: generic[0m
[0;32mI (307) spi_flash: flash io: dio[0m
[0;33mW (311) spi_flash: Detected size(4096k) larger than the size in the binary image header(2048k). Using the size in the binary image header.[0m
[0;33mW (324) i2c: This driver is an old driver, please migrate your application code to adapt `driver/i2c_master.h`[0m
[0;32mI (336) main_task: Started on CPU0[0m
[0;32mI (346) main_task: Calling app_main()[0m
[0;32mI (346) OLED: OLED configured successfully[0m
[0;33mW (486) i2s_platform: i2s controller 0 has been occupied by i2s_driver[0m
[0;31mE (486) i2s_common: i2s_new_channel(817): no available channel found[0m
ESP_ERROR_CHECK failed: esp_err_t 0x105 (ESP_ERR_NOT_FOUND) at 0x400d5cd6
file: "./lib/esp_inmp441.c" line 18
func: i2s_install
expression: i2s_new_channel(&chan_cfg, NULL, &rx_channel)

abort() was called at PC 0x40087273 on core 0


Backtrace: 0x400817ea:0x3ffb5a60 0x4008727d:0x3ffb5a80 0x4008d3e9:0x3ffb5aa0 0x40087273:0x3ffb5b10 0x400d5cd6:0x3ffb5b40 0x400d5d4f:0x3ffb5bc0 0x400d5990:0x3ffb5bf0 0x400e8248:0x3ffb5c10 0x40087d95:0x3ffb5c40




ELF file SHA256: 4d8592782

Rebooting...
ets Jul 29 2019 12:21:46

rst:0xc (SW_CPU_RESET),boot:0x13 (SPI_FAST_FLASH_BOOT)
configsip: 0, SPIWP:0xee
clk_drv:0x00,q_drv:0x00,d_drv:0x00,cs0_drv:0x00,hd_drv:0x00,wp_drv:0x00
mode:DIO, clock div:2
load:0x3fff0030,len:7172
load:0x40078000,len:15620
load:0x40080400,len:4
ho 8 tail 4 room 4
load:0x40080404,len:3904
entry 0x40080640
[0;32mI (31) boot: ESP-IDF v5.2.5-dirty 2nd stage bootloader[0m
[0;32mI (31) boot: compile time May 24 2025 14:40:16[0m
[0;32mI (31) boot: Multicore bootloader[0m
[0;32mI (36) boot: chip revision: v3.1[0m
[0;32mI (40) boot.esp32: SPI Speed      : 40MHz[0m
[0;32mI (44) boot.esp32: SPI Mode       : DIO[0m
[0;32mI (49) boot.esp32: SPI Flash Size : 2MB[0m
[0;32mI (53) boot: Enabling RNG early entropy source...[0m
[0;32mI (59) boot: Partition Table:[0m
[0;32mI (62) boot: ## Label            Usage          Type ST Offset   Length[0m
[0;32mI (70) boot:  0 nvs              WiFi data        01 02 00009000 00006000[0m
[0;32mI (77) boot:  1 phy_init         RF data          01 01 0000f000 00001000[0m
[0;32mI (84) boot:  2 factory          factory app      00 00 00010000 00100000[0m
[0;32mI (92) boot: End of partition table[0m
[0;32mI (96) esp_image: segment 0: paddr=00010020 vaddr=3f400020 size=0c314h ( 49940) map[0m
[0;32mI (122) esp_image: segment 1: paddr=0001c33c vaddr=3ffb0000 size=02ad4h ( 10964) load[0m
[0;32mI (126) esp_image: segment 2: paddr=0001ee18 vaddr=40080000 size=01200h (  4608) load[0m
[0;32mI (129) esp_image: segment 3: paddr=00020020 vaddr=400d0020 size=18b78h (101240) map[0m
[0;32mI (171) esp_image: segment 4: paddr=00038ba0 vaddr=40081200 size=0d900h ( 55552) load[0m
[0;32mI (200) boot: Loaded app from partition at offset 0x10000[0m
[0;32mI (200) boot: Disabling RNG early entropy source...[0m
[0;32mI (212) cpu_start: Multicore app[0m
[0;32mI (221) cpu_start: Pro cpu start user code[0m
[0;32mI (221) cpu_start: cpu freq: 160000000 Hz[0m
[0;32mI (221) cpu_start: Application information:[0m
[0;32mI (224) cpu_start: Project name:     VXL[0m
[0;32mI (229) cpu_start: App version:      1[0m
[0;32mI (233) cpu_start: Compile time:     May 24 2025 14:39:16[0m
[0;32mI (239) cpu_start: ELF file SHA256:  4d8592782...[0m
[0;32mI (244) cpu_start: ESP-IDF:          v5.2.5-dirty[0m
[0;32mI (250) cpu_start: Min chip rev:     v0.0[0m
[0;32mI (255) cpu_start: Max chip rev:     v3.99 [0m
[0;32mI (259) cpu_start: Chip rev:         v3.1[0m
[0;32mI (264) heap_init: Initializing. RAM available for dynamic allocation:[0m
[0;32mI (271) heap_init: At 3FFAE6E0 len 00001920 (6 KiB): DRAM[0m
[0;32mI (277) heap_init: At 3FFB3910 len 0002C6F0 (177 KiB): DRAM[0m
[0;32mI (284) heap_init: At 3FFE0440 len 00003AE0 (14 KiB): D/IRAM[0m
[0;32mI (290) heap_init: At 3FFE4350 len 0001BCB0 (111 KiB): D/IRAM[0m
[0;32mI (296) heap_init: At 4008EB00 len 00011500 (69 KiB): IRAM[0m
[0;32mI (304) spi_flash: detected chip: generic[0m
[0;32mI (307) spi_flash: flash io: dio[0m
[0;33mW (311) spi_flash: Detected size(4096k) larger than the size in the binary image header(2048k). Using the size in the binary image header.[0m
[0;33mW (324) i2c: This driver is an old driver, please migrate your application code to adapt `driver/i2c_master.h`[0m
[0;32mI (336) main_task: Started on CPU0[0m
[0;32mI (346) main_task: Calling app_main()[0m
[0;32mI (346) OLED: OLED configured successfully[0m
[0;33mW (486) i2s_platform: i2s controller 0 has been occupied by i2s_driver[0m
[0;31mE (486) i2s_common: i2s_new_channel(817): no available channel found[0m
ESP_ERROR_CHECK failed: esp_err_t 0x105 (ESP_ERR_NOT_FOUND) at 0x400d5cd6
file: "./lib/esp_inmp441.c" line 18
func: i2s_install
expression: i2s_new_channel(&chan_cfg, NULL, &rx_channel)

abort() was called at PC 0x40087273 on core 0


Backtrace: 0x400817ea:0x3ffb5a60 0x4008727d:0x3ffb5a80 0x4008d3e9:0x3ffb5aa0 0x40087273:0x3ffb5b10 0x400d5cd6:0x3ffb5b40 0x400d5d4f:0x3ffb5bc0 0x400d5990:0x3ffb5bf0 0x400e8248:0x3ffb5c10 0x40087d95:0x3ffb5c40




ELF file SHA256: 4d8592782

Rebooting...
ets Jul 29 2019 12:21:46

rst:0xc (SW_CPU_RESET),boot:0x13 (SPI_FAST_FLASH_BOOT)
configsip: 0, SPIWP:0xee
clk_drv:0x00,q_drv:0x00,d_drv:0x00,cs0_drv:0x00,hd_drv:0x00,wp_drv:0x00
mode:DIO, clock div:2
load:0x3fff0030,len:7172
load:0x40078000,len:15620
load:0x40080400,len:4
ho 8 tail 4 room 4
load:0x40080404,len:3904
entry 0x40080640
[0;32mI (31) boot: ESP-IDF v5.2.5-dirty 2nd stage bootloader[0m
[0;32mI (31) boot: compile time May 24 2025 14:40:16[0m
[0;32mI (31) boot: Multicore bootloader[0m
[0;32mI (36) boot: chip revision: v3.1[0m
[0;32mI (40) boot.esp32: SPI Speed      : 40MHz[0m
[0;32mI (44) boot.esp32: SPI Mode       : DIO[0m
[0;32mI (49) boot.esp32: SPI Flash Size : 2MB[0m
[0;32mI (53) boot: Enabling RNG early entropy source...[0m
[0;32mI (59) boot: Partition Table:[0m
[0;32mI (62) boot: ## Label            Usage          Type ST Offset   Length[0m
[0;32mI (70) boot:  0 nvs              WiFi data        01 02 00009000 00006000[0m
[0;32mI (77) boot:  1 phy_init         RF data          01 01 0000f000 00001000[0m
[0;32mI (84) boot:  2 factory          factory app      00 00 00010000 00100000[0m
[0;32mI (92) boot: End of partition table[0m
[0;32mI (96) esp_image: segment 0: paddr=00010020 vaddr=3f400020 size=0c314h ( 49940) map[0m
[0;32mI (122) esp_image: segment 1: paddr=0001c33c vaddr=3ffb0000 size=02ad4h ( 10964) load[0m
[0;32mI (126) esp_image: segment 2: paddr=0001ee18 vaddr=40080000 size=01200h (  4608) load[0m
[0;32mI (129) esp_image: segment 3: paddr=00020020 vaddr=400d0020 size=18b78h (101240) map[0m
[0;32mI (171) esp_image: segment 4: paddr=00038ba0 vaddr=40081200 size=0d900h ( 55552) load[0m
[0;32mI (200) boot: Loaded app from partition at offset 0x10000[0m
[0;32mI (200) boot: Disabling RNG early entropy source...[0m
[0;32mI (212) cpu_start: Multicore app[0m
[0;32mI (221) cpu_start: Pro cpu start user code[0m
[0;32mI (221) cpu_start: cpu freq: 160000000 Hz[0m
[0;32mI (221) cpu_start: Application information:[0m
[0;32mI (224) cpu_start: Project name:     VXL[0m
[0;32mI (229) cpu_start: App version:      1[0m
[0;32mI (233) cpu_start: Compile time:     May 24 2025 14:39:16[0m
[0;32mI (239) cpu_start: ELF file SHA256:  4d8592782...[0m
[0;32mI (244) cpu_start: ESP-IDF:          v5.2.5-dirty[0m
[0;32mI (250) cpu_start: Min chip rev:     v0.0[0m
[0;32mI (255) cpu_start: Max chip rev:     v3.99 [0m
[0;32mI (259) cpu_start: Chip rev:         v3.1[0m
[0;32mI (264) heap_init: Initializing. RAM available for dynamic allocation:[0m
[0;32mI (271) heap_init: At 3FFAE6E0 len 00001920 (6 KiB): DRAM[0m
[0;32mI (277) heap_init: At 3FFB3910 len 0002C6F0 (177 KiB): DRAM[0m
[0;32mI (284) heap_init: At 3FFE0440 len 00003AE0 (14 KiB): D/IRAM[0m
[0;32mI (290) heap_init: At 3FFE4350 len 0001BCB0 (111 KiB): D/IRAM[0m
[0;32mI (296) heap_init: At 4008EB00 len 00011500 (69 KiB): IRAM[0m
[0;32mI (304) spi_flash: detected chip: generic[0m
[0;32mI (307) spi_flash: flash io: dio[0m
[0;33mW (311) spi_flash: Detected size(4096k) larger than the size in the binary image header(2048k). Using the size in the binary image header.[0m
[0;33mW (324) i2c: This driver is an old driver, please migrate your application code to adapt `driver/i2c_master.h`[0m
[0;32mI (336) main_task: Started on CPU0[0m
[0;32mI (346) main_task: Calling app_main()[0m
[0;32mI (346) OLED: OLED configured successfully[0m
[0;33mW (486) i2s_platform: i2s controller 0 has been occupied by i2s_driver[0m
[0;31mE (486) i2s_common: i2s_new_channel(817): no available channel found[0m
ESP_ERROR_CHECK failed: esp_err_t 0x105 (ESP_ERR_NOT_FOUND) at 0x400d5cd6
file: "./lib/esp_inmp441.c" line 18
func: i2s_install
expression: i2s_new_channel(&chan_cfg, NULL, &rx_channel)

abort() was called at PC 0x40087273 on core 0


Backtrace: 0x400817ea:0x3ffb5a60 0x4008727d:0x3ffb5a80 0x4008d3e9:0x3ffb5aa0 0x40087273:0x3ffb5b10 0x400d5cd6:0x3ffb5b40 0x400d5d4f:0x3ffb5bc0 0x400d5990:0x3ffb5bf0 0x400e8248:0x3ffb5c10 0x40087d95:0x3ffb5c40




ELF file SHA256: 4d8592782

Rebooting...
ets Jul 29 2019 12:21:46

rst:0xc (SW_CPU_RESET),boot:0x13 (SPI_FAST_FLASH_BOOT)
configsip: 0, SPIWP:0xee
clk_drv:0x00,q_drv:0x00,d_drv:0x00,cs0_drv:0x00,hd_drv:0x00,wp_drv:0x00
mode:DIO, clock div:2
load:0x3fff0030,len:7172
load:0x40078000,len:15620
load:0x40080400,len:4
ho 8 tail 4 room 4
load:0x40080404,len:3904
entry 0x40080640
[0;32mI (31) boot: ESP-IDF v5.2.5-dirty 2nd stage bootloader[0m
[0;32mI (31) boot: compile time May 24 2025 14:40:16[0m
[0;32mI (31) boot: Multicore bootloader[0m
[0;32mI (36) boot: chip revision: v3.1[0m
[0;32mI (40) boot.esp32: SPI Speed      : 40MHz[0m
[0;32mI (44) boot.esp32: SPI Mode       : DIO[0m
[0;32mI (49) boot.esp32: SPI Flash Size : 2MB[0m
[0;32mI (53) boot: Enabling RNG early entropy source...[0m
[0;32mI (59) boot: Partition Table:[0m
[0;32mI (62) boot: ## Label            Usage          Type ST Offset   Length[0m
[0;32mI (70) boot:  0 nvs              WiFi data        01 02 00009000 00006000[0m
[0;32mI (77) boot:  1 phy_init         RF data          01 01 0000f000 00001000[0m
[0;32mI (84) boot:  2 factory          factory app      00 00 00010000 00100000[0m
[0;32mI (92) boot: End of partition table[0m
[0;32mI (96) esp_image: segment 0: paddr=00010020 vaddr=3f400020 size=0c314h ( 49940) map[0m
[0;32mI (122) esp_image: segment 1: paddr=0001c33c vaddr=3ffb0000 size=02ad4h ( 10964) load[0m
[0;32mI (126) esp_image: segment 2: paddr=0001ee18 vaddr=40080000 size=01200h (  4608) load[0m
[0;32mI (129) esp_image: segment 3: paddr=00020020 vaddr=400d0020 size=18b78h (101240) map[0m
[0;32mI (171) esp_image: segment 4: paddr=00038ba0 vaddr=40081200 size=0d900h ( 55552) load[0m
[0;32mI (200) boot: Loaded app from partition at offset 0x10000[0m
[0;32mI (200) boot: Disabling RNG early entropy source...[0m
[0;32mI (212) cpu_start: Multicore app[0m
[0;32mI (221) cpu_start: Pro cpu start user code[0m
[0;32mI (221) cpu_start: cpu freq: 160000000 Hz[0m
[0;32mI (221) cpu_start: Application information:[0m
[0;32mI (224) cpu_start: Project name:     VXL[0m
[0;32mI (229) cpu_start: App version:      1[0m
[0;32mI (233) cpu_start: Compile time:     May 24 2025 14:39:16[0m
[0;32mI (239) cpu_start: ELF file SHA256:  4d8592782...[0m
[0;32mI (244) cpu_start: ESP-IDF:          v5.2.5-dirty[0m
[0;32mI (250) cpu_start: Min chip rev:     v0.0[0m
[0;32mI (254) cpu_start: Max chip rev:     v3.99 [0m
[0;32mI (259) cpu_start: Chip rev:         v3.1[0m
[0;32mI (264) heap_init: Initializing. RAM available for dynamic allocation:[0m
[0;32mI (271) heap_init: At 3FFAE6E0 len 00001920 (6 KiB): DRAM[0m
[0;32mI (277) heap_init: At 3FFB3910 len 0002C6F0 (177 KiB): DRAM[0m
[0;32mI (284) heap_init: At 3FFE0440 len 00003AE0 (14 KiB): D/IRAM[0m
[0;32mI (290) heap_init: At 3FFE4350 len 0001BCB0 (111 KiB): D/IRAM[0m
[0;32mI (296) heap_init: At 4008EB00 len 00011500 (69 KiB): IRAM[0m
[0;32mI (304) spi_flash: detected chip: generic[0m
[0;32mI (307) spi_flash: flash io: dio[0m
[0;33mW (311) spi_flash: Detected size(4096k) larger than the size in the binary image header(2048k). Using the size in the binary image header.[0m
[0;33mW (324) i2c: This driver is an old driver, please migrate your application code to adapt `driver/i2c_master.h`[0m
[0;32mI (336) main_task: Started on CPU0[0m
[0;32mI (346) main_task: Calling app_main()[0m
[0;32mI (346) OLED: OLED configured successfully[0m
[0;33mW (486) i2s_platform: i2s controller 0 has been occupied by i2s_driver[0m
[0;31mE (486) i2s_common: i2s_new_channel(817): no available channel found[0m
ESP_ERROR_CHECK failed: esp_err_t 0x105 (ESP_ERR_NOT_FOUND) at 0x400d5cd6
file: "./lib/esp_inmp441.c" line 18
func: i2s_install
expression: i2s_new_channel(&chan_cfg, NULL, &rx_channel)

abort() was called at PC 0x40087273 on core 0


Backtrace: 0x400817ea:0x3ffb5a60 0x4008727d:0x3ffb5a80 0x4008d3e9:0x3ffb5aa0 0x40087273:0x3ffb5b10 0x400d5cd6:0x3ffb5b40 0x400d5d4f:0x3ffb5bc0 0x400d5990:0x3ffb5bf0 0x400e8248:0x3ffb5c10 0x40087d95:0x3ffb5c40




ELF file SHA256: 4d8592782

Rebooting...
ets Jul 29 2019 12:21:46

rst:0xc (SW_CPU_RESET),boot:0x13 (SPI_FAST_FLASH_BOOT)
configsip: 0, SPIWP:0xee
clk_drv:0x00,q_drv:0x00,d_drv:0x00,cs0_drv:0x00,hd_drv:0x00,wp_drv:0x00
mode:DIO, clock div:2
load:0x3fff0030,len:7172
load:0x40078000,len:15620
load:0x40080400,len:4
ho 8 tail 4 room 4
load:0x40080404,len:3904
entry 0x40080640
[0;32mI (31) boot: ESP-IDF v5.2.5-dirty 2nd stage bootloader[0m
[0;32mI (31) boot: compile time May 24 2025 14:40:16[0m
[0;32mI (31) boot: Multicore bootloader[0m
[0;32mI (36) boot: chip revision: v3.1[0m
[0;32mI (40) boot.esp32: SPI Speed      : 40MHz[0m
[0;32mI (44) boot.esp32: SPI Mode       : DIO[0m
[0;32mI (49) boot.esp32: SPI Flash Size : 2MB[0m
[0;32mI (53) boot: Enabling RNG early entropy source...[0m
[0;32mI (59) boot: Partition Table:[0m
[0;32mI (62) boot: ## Label            Usage          Type ST Offset   Length[0m
[0;32mI (70) boot:  0 nvs              WiFi data        01 02 00009000 00006000[0m
[0;32mI (77) boot:  1 phy_init         RF data          01 01 0000f000 00001000[0m
[0;32mI (84) boot:  2 factory          factory app      00 00 00010000 00100000[0m
[0;32mI (92) boot: End of partition table[0m
[0;32mI (96) esp_image: segment 0: paddr=00010020 vaddr=3f400020 size=0c314h ( 49940) map[0m
[0;32mI (122) esp_image: segment 1: paddr=0001c33c vaddr=3ffb0000 size=02ad4h ( 10964) load[0m
[0;32mI (126) esp_image: segment 2: paddr=0001ee18 vaddr=40080000 size=01200h (  4608) load[0m
[0;32mI (129) esp_image: segment 3: paddr=00020020 vaddr=400d0020 size=18b78h (101240) map[0m
[0;32mI (171) esp_image: segment 4: paddr=00038ba0 vaddr=40081200 size=0d900h ( 55552) load[0m
[0;32mI (200) boot: Loaded app from partition at offset 0x10000[0m
[0;32mI (200) boot: Disabling RNG early entropy source...[0m
[0;32mI (212) cpu_start: Multicore app[0m
[0;32mI (221) cpu_start: Pro cpu start user code[0m
[0;32mI (221) cpu_start: cpu freq: 160000000 Hz[0m
[0;32mI (221) cpu_start: Application information:[0m
[0;32mI (224) cpu_start: Project name:     VXL[0m
[0;32mI (229) cpu_start: App version:      1[0m
[0;32mI (233) cpu_start: Compile time:     May 24 2025 14:39:16[0m
[0;32mI (239) cpu_start: ELF file SHA256:  4d8592782...[0m
[0;32mI (244) cpu_start: ESP-IDF:          v5.2.5-dirty[0m
[0;32mI (250) cpu_start: Min chip rev:     v0.0[0m
[0;32mI (255) cpu_start: Max chip rev:     v3.99 [0m
[0;32mI (259) cpu_start: Chip rev:         v3.1[0m
[0;32mI (264) heap_init: Initializing. RAM available for dynamic allocation:[0m
[0;32mI (271) heap_init: At 3FFAE6E0 len 00001920 (6 KiB): DRAM[0m
[0;32mI (277) heap_init: At 3FFB3910 len 0002C6F0 (177 KiB): DRAM[0m
[0;32mI (284) heap_init: At 3FFE0440 len 00003AE0 (14 KiB): D/IRAM[0m
[0;32mI (290) heap_init: At 3FFE4350 len 0001BCB0 (111 KiB): D/IRAM[0m
[0;32mI (296) heap_init: At 4008EB00 len 00011500 (69 KiB): IRAM[0m
[0;32mI (304) spi_flash: detected chip: generic[0m
[0;32mI (307) spi_flash: flash io: dio[0m
[0;33mW (311) spi_flash: Detected size(4096k) larger than the size in the binary image header(2048k). Using the size in the binary image header.[0m
[0;33mW (324) i2c: This driver is an old driver, please migrate your application code to adapt `driver/i2c_master.h`[0m
[0;32mI (336) main_task: Started on CPU0[0m
[0;32mI (346) main_task: Calling app_main()[0m
[0;32mI (346) OLED: OLED configured successfully[0m
[0;33mW (486) i2s_platform: i2s controller 0 has been occupied by i2s_driver[0m
[0;31mE (486) i2s_common: i2s_new_channel(817): no available channel found[0m
ESP_ERROR_CHECK failed: esp_err_t 0x105 (ESP_ERR_NOT_FOUND) at 0x400d5cd6
file: "./lib/esp_inmp441.c" line 18
func: i2s_install
expression: i2s_new_channel(&chan_cfg, NULL, &rx_channel)

abort() was called at PC 0x40087273 on core 0


Backtrace: 0x400817ea:0x3ffb5a60 0x4008727d:0x3ffb5a80 0x4008d3e9:0x3ffb5aa0 0x40087273:0x3ffb5b10 0x400d5cd6:0x3ffb5b40 0x400d5d4f:0x3ffb5bc0 0x400d5990:0x3ffb5bf0 0x400e8248:0x3ffb5c10 0x40087d95:0x3ffb5c40




ELF file SHA256: 4d8592782

Rebooting...
ets Jul 29 2019 12:21:46

rst:0xc (SW_CPU_RESET),boot:0x13 (SPI_FAST_FLASH_BOOT)
configsip: 0, SPIWP:0xee
clk_drv:0x00,q_drv:0x00,d_drv:0x00,cs0_drv:0x00,hd_drv:0x00,wp_drv:0x00
mode:DIO, clock div:2
load:0x3fff0030,len:7172
load:0x40078000,len:15620
load:0x40080400,len:4
ho 8 tail 4 room 4
load:0x40080404,len:3904
entry 0x40080640
[0;32mI (31) boot: ESP-IDF v5.2.5-dirty 2nd stage bootloader[0m
[0;32mI (31) boot: compile time May 24 2025 14:40:16[0m
[0;32mI (31) boot: Multicore bootloader[0m
[0;32mI (36) boot: chip revision: v3.1[0m
[0;32mI (40) boot.esp32: SPI Speed      : 40MHz[0m
[0;32mI (44) boot.esp32: SPI Mode       : DIO[0m
[0;32mI (49) boot.esp32: SPI Flash Size : 2MB[0m
[0;32mI (53) boot: Enabling RNG early entropy source...[0m
[0;32mI (59) boot: Partition Table:[0m
[0;32mI (62) boot: ## Label            Usage          Type ST Offset   Length[0m
[0;32mI (70) boot:  0 nvs              WiFi data        01 02 00009000 00006000[0m
[0;32mI (77) boot:  1 phy_init         RF data          01 01 0000f000 00001000[0m
[0;32mI (84) boot:  2 factory          factory app      00 00 00010000 00100000[0m
[0;32mI (92) boot: End of partition table[0m
[0;32mI (96) esp_image: segment 0: paddr=00010020 vaddr=3f400020 size=0c314h ( 49940) map[0m
[0;32mI (122) esp_image: segment 1: paddr=0001c33c vaddr=3ffb0000 size=02ad4h ( 10964) load[0m
[0;32mI (126) esp_image: segment 2: paddr=0001ee18 vaddr=40080000 size=01200h (  4608) load[0m
[0;32mI (129) esp_image: segment 3: paddr=00020020 vaddr=400d0020 size=18b78h (101240) map[0m
[0;32mI (171) esp_image: segment 4: paddr=00038ba0 vaddr=40081200 size=0d900h ( 55552) load[0m
[0;32mI (200) boot: Loaded app from partition at offset 0x10000[0m
[0;32mI (200) boot: Disabling RNG early entropy source...[0m
[0;32mI (212) cpu_start: Multicore app[0m
[0;32mI (221) cpu_start: Pro cpu start user code[0m
[0;32mI (221) cpu_start: cpu freq: 160000000 Hz[0m
[0;32mI (221) cpu_start: Application information:[0m
[0;32mI (224) cpu_start: Project name:     VXL[0m
[0;32mI (229) cpu_start: App version:      1[0m
[0;32mI (233) cpu_start: Compile time:     May 24 2025 14:39:16[0m
[0;32mI (239) cpu_start: ELF file SHA256:  4d8592782...[0m
[0;32mI (244) cpu_start: ESP-IDF:          v5.2.5-dirty[0m
[0;32mI (250) cpu_start: Min chip rev:     v0.0[0m
[0;32mI (255) cpu_start: Max chip rev:     v3.99 [0m
[0;32mI (259) cpu_start: Chip rev:         v3.1[0m
[0;32mI (264) heap_init: Initializing. RAM available for dynamic allocation:[0m
[0;32mI (271) heap_init: At 3FFAE6E0 len 00001920 (6 KiB): DRAM[0m
[0;32mI (277) heap_init: At 3FFB3910 len 0002C6F0 (177 KiB): DRAM[0m
[0;32mI (284) heap_init: At 3FFE0440 len 00003AE0 (14 KiB): D/IRAM[0m
[0;32mI (290) heap_init: At 3FFE4350 len 0001BCB0 (111 KiB): D/IRAM[0m
[0;32mI (296) heap_init: At 4008EB00 len 00011500 (69 KiB): IRAM[0m
[0;32mI (304) spi_flash: detected chip: generic[0m
[0;32mI (307) spi_flash: flash io: dio[0m
[0;33mW (311) spi_flash: Detected size(4096k) larger than the size in the binary image header(2048k). Using the size in the binary image header.[0m
[0;33mW (324) i2c: This driver is an old driver, please migrate your application code to adapt `driver/i2c_master.h`[0m
[0;32mI (336) main_task: Started on CPU0[0m
[0;32mI (346) main_task: Calling app_main()[0m
[0;32mI (346) OLED: OLED configured successfully[0m
[0;33mW (486) i2s_platform: i2s controller 0 has been occupied by i2s_driver[0m
[0;31mE (486) i2s_common: i2s_new_channel(817): no available channel found[0m
ESP_ERROR_CHECK failed: esp_err_t 0x105 (ESP_ERR_NOT_FOUND) at 0x400d5cd6
file: "./lib/esp_inmp441.c" line 18
func: i2s_install
expression: i2s_new_channel(&chan_cfg, NULL, &rx_channel)

abort() was called at PC 0x40087273 on core 0


Backtrace: 0x400817ea:0x3ffb5a60 0x4008727d:0x3ffb5a80 0x4008d3e9:0x3ffb5aa0 0x40087273:0x3ffb5b10 0x400d5cd6:0x3ffb5b40 0x400d5d4f:0x3ffb5bc0 0x400d5990:0x3ffb5bf0 0x400e8248:0x3ffb5c10 0x40087d95:0x3ffb5c40




ELF file SHA256: 4d8592782

Rebooting...
ets Jul 29 2019 12:21:46

rst:0xc (SW_CPU_RESET),boot:0x13 (SPI_FAST_FLASH_BOOT)
configsip: 0, SPIWP:0xee
clk_drv:0x00,q_drv:0x00,d_drv:0x00,cs0_drv:0x00,hd_drv:0x00,wp_drv:0x00
mode:DIO, clock div:2
load:0x3fff0030,len:7172
load:0x40078000,len:15620
load:0x40080400,len:4
ho 8 tail 4 room 4
load:0x40080404,len:3904
entry 0x40080640
[0;32mI (31) boot: ESP-IDF v5.2.5-dirty 2nd stage bootloader[0m
[0;32mI (31) boot: compile time May 24 2025 14:40:16[0m
[0;32mI (31) boot: Multicore bootloader[0m
[0;32mI (36) boot: chip revision: v3.1[0m
[0;32mI (40) boot.esp32: SPI Speed      : 40MHz[0m
[0;32mI (44) boot.esp32: SPI Mode       : DIO[0m
[0;32mI (49) boot.esp32: SPI Flash Size : 2MB[0m
[0;32mI (53) boot: Enabling RNG early entropy source...[0m
[0;32mI (59) boot: Partition Table:[0m
[0;32mI (62) boot: ## Label            Usage          Type ST Offset   Length[0m
[0;32mI (70) boot:  0 nvs              WiFi data        01 02 00009000 00006000[0m
[0;32mI (77) boot:  1 phy_init         RF data          01 01 0000f000 00001000[0m
[0;32mI (84) boot:  2 factory          factory app      00 00 00010000 00100000[0m
[0;32mI (92) boot: End of partition table[0m
[0;32mI (96) esp_image: segment 0: paddr=00010020 vaddr=3f400020 size=0c314h ( 49940) map[0m
[0;32mI (122) esp_image: segment 1: paddr=0001c33c vaddr=3ffb0000 size=02ad4h ( 10964) load[0m
[0;32mI (126) esp_image: segment 2: paddr=0001ee18 vaddr=40080000 size=01200h (  4608) load[0m
[0;32mI (129) esp_image: segment 3: paddr=00020020 vaddr=400d0020 size=18b78h (101240) map[0m
[0;32mI (171) esp_image: segment 4: paddr=00038ba0 vaddr=40081200 size=0d900h ( 55552) load[0m
[0;32mI (200) boot: Loaded app from partition at offset 0x10000[0m
[0;32mI (200) boot: Disabling RNG early entropy source...[0m
[0;32mI (212) cpu_start: Multicore app[0m
[0;32mI (221) cpu_start: Pro cpu start user code[0m
[0;32mI (221) cpu_start: cpu freq: 160000000 Hz[0m
[0;32mI (221) cpu_start: Application information:[0m
[0;32mI (224) cpu_start: Project name:     VXL[0m
[0;32mI (229) cpu_start: App version:      1[0m
[0;32mI (233) cpu_start: Compile time:     May 24 2025 14:39:16[0m
[0;32mI (239) cpu_start: ELF file SHA256:  4d8592782...[0m
[0;32mI (244) cpu_start: ESP-IDF:          v5.2.5-dirty[0m
[0;32mI (250) cpu_start: Min chip rev:     v0.0[0m
[0;32mI (255) cpu_start: Max chip rev:     v3.99 [0m
[0;32mI (259) cpu_start: Chip rev:         v3.1[0m
[0;32mI (264) heap_init: Initializing. RAM available for dynamic allocation:[0m
[0;32mI (271) heap_init: At 3FFAE6E0 len 00001920 (6 KiB): DRAM[0m
[0;32mI (277) heap_init: At 3FFB3910 len 0002C6F0 (177 KiB): DRAM[0m
[0;32mI (284) heap_init: At 3FFE0440 len 00003AE0 (14 KiB): D/IRAM[0m
[0;32mI (290) heap_init: At 3FFE4350 len 0001BCB0 (111 KiB): D/IRAM[0m
[0;32mI (296) heap_init: At 4008EB00 len 00011500 (69 KiB): IRAM[0m
[0;32mI (304) spi_flash: detected chip: generic[0m
[0;32mI (307) spi_flash: flash io: dio[0m
[0;33mW (311) spi_flash: Detected size(4096k) larger than the size in the binary image header(2048k). Using the size in the binary image header.[0m
[0;33mW (324) i2c: This driver is an old driver, please migrate your application code to adapt `driver/i2c_master.h`[0m
[0;32mI (336) main_task: Started on CPU0[0m
[0;32mI (346) main_task: Calling app_main()[0m
[0;32mI (346) OLED: OLED configured successfully[0m
[0;33mW (486) i2s_platform: i2s controller 0 has been occupied by i2s_driver[0m
[0;31mE (486) i2s_common: i2s_new_channel(817): no available channel found[0m
ESP_ERROR_CHECK failed: esp_err_t 0x105 (ESP_ERR_NOT_FOUND) at 0x400d5cd6
file: "./lib/esp_inmp441.c" line 18
func: i2s_install
expression: i2s_new_channel(&chan_cfg, NULL, &rx_channel)

abort() was called at PC 0x40087273 on core 0


Backtrace: 0x400817ea:0x3ffb5a60 0x4008727d:0x3ffb5a80 0x4008d3e9:0x3ffb5aa0 0x40087273:0x3ffb5b10 0x400d5cd6:0x3ffb5b40 0x400d5d4f:0x3ffb5bc0 0x400d5990:0x3ffb5bf0 0x400e8248:0x3ffb5c10 0x40087d95:0x3ffb5c40




ELF file SHA256: 4d8592782

Rebooting...
ets Jul 29 2019 12:21:46

rst:0xc (SW_CPU_RESET),boot:0x13 (SPI_FAST_FLASH_BOOT)
configsip: 0, SPIWP:0xee
clk_drv:0x00,q_drv:0x00,d_drv:0x00,cs0_drv:0x00,hd_drv:0x00,wp_drv:0x00
mode:DIO, clock div:2
load:0x3fff0030,len:7172
load:0x40078000,len:15620
load:0x40080400,len:4
ho 8 tail 4 room 4
load:0x40080404,len:3904
entry 0x40080640
[0;32mI (31) boot: ESP-IDF v5.2.5-dirty 2nd stage bootloader[0m
[0;32mI (31) boot: compile time May 24 2025 14:40:16[0m
[0;32mI (31) boot: Multicore bootloader[0m
[0;32mI (36) boot: chip revision: v3.1[0m
[0;32mI (40) boot.esp32: SPI Speed      : 40MHz[0m
[0;32mI (44) boot.esp32: SPI Mode       : DIO[0m
[0;32mI (49) boot.esp32: SPI Flash Size : 2MB[0m
[0;32mI (53) boot: Enabling RNG early entropy source...[0m
[0;32mI (59) boot: Partition Table:[0m
[0;32mI (62) boot: ## Label            Usage          Type ST Offset   Length[0m
[0;32mI (70) boot:  0 nvs              WiFi data        01 02 00009000 00006000[0m
[0;32mI (77) boot:  1 phy_init         RF data          01 01 0000f000 00001000[0m
[0;32mI (84) boot:  2 factory          factory app      00 00 00010000 00100000[0m
[0;32mI (92) boot: End of partition table[0m
[0;32mI (96) esp_image: segment 0: paddr=00010020 vaddr=3f400020 size=0c314h ( 49940) map[0m
[0;32mI (122) esp_image: segment 1: paddr=0001c33c vaddr=3ffb0000 size=02ad4h ( 10964) load[0m
[0;32mI (126) esp_image: segment 2: paddr=0001ee18 vaddr=40080000 size=01200h (  4608) load[0m
[0;32mI (129) esp_image: segment 3: paddr=00020020 vaddr=400d0020 size=18b78h (101240) map[0m
[0;32mI (171) esp_image: segment 4: paddr=00038ba0 vaddr=40081200 size=0d900h ( 55552) load[0m
[0;32mI (200) boot: Loaded app from partition at offset 0x10000[0m
[0;32mI (200) boot: Disabling RNG early entropy source...[0m
[0;32mI (212) cpu_start: Multicore app[0m
[0;32mI (221) cpu_start: Pro cpu start user code[0m
[0;32mI (221) cpu_start: cpu freq: 160000000 Hz[0m
[0;32mI (221) cpu_start: Application information:[0m
[0;32mI (224) cpu_start: Project name:     VXL[0m
[0;32mI (229) cpu_start: App version:      1[0m
[0;32mI (233) cpu_start: Compile time:     May 24 2025 14:39:16[0m
[0;32mI (239) cpu_start: ELF file SHA256:  4d8592782...[0m
[0;32mI (244) cpu_start: ESP-IDF:          v5.2.5-dirty[0m
[0;32mI (250) cpu_start: Min chip rev:     v0.0[0m
[0;32mI (254) cpu_start: Max chip rev:     v3.99 [0m
[0;32mI (259) cpu_start: Chip rev:         v3.1[0m
[0;32mI (264) heap_init: Initializing. RAM available for dynamic allocation:[0m
[0;32mI (271) heap_init: At 3FFAE6E0 len 00001920 (6 KiB): DRAM[0m
[0;32mI (277) heap_init: At 3FFB3910 len 0002C6F0 (177 KiB): DRAM[0m
[0;32mI (284) heap_init: At 3FFE0440 len 00003AE0 (14 KiB): D/IRAM[0m
[0;32mI (290) heap_init: At 3FFE4350 len 0001BCB0 (111 KiB): D/IRAM[0m
[0;32mI (296) heap_init: At 4008EB00 len 00011500 (69 KiB): IRAM[0m
[0;32mI (304) spi_flash: detected chip: generic[0m
[0;32mI (307) spi_flash: flash io: dio[0m
[0;33mW (311) spi_flash: Detected size(4096k) larger than the size in the binary image header(2048k). Using the size in the binary image header.[0m
[0;33mW (324) i2c: This driver is an old driver, please migrate your application code to adapt `driver/i2c_master.h`[0m
[0;32mI (336) main_task: Started on CPU0[0m
[0;32mI (346) main_task: Calling app_main()[0m
[0;32mI (346) OLED: OLED configured successfully[0m
[0;33mW (486) i2s_platform: i2s controller 0 has been occupied by i2s_driver[0m
[0;31mE (486) i2s_common: i2s_new_channel(817): no available channel found[0m
ESP_ERROR_CHECK failed: esp_err_t 0x105 (ESP_ERR_NOT_FOUND) at 0x400d5cd6
file: "./lib/esp_inmp441.c" line 18
func: i2s_install
expression: i2s_new_channel(&chan_cfg, NULL, &rx_channel)

abort() was called at PC 0x40087273 on core 0


Backtrace: 0x400817ea:0x3ffb5a60 0x4008727d:0x3ffb5a80 0x4008d3e9:0x3ffb5aa0 0x40087273:0x3ffb5b10 0x400d5cd6:0x3ffb5b40 0x400d5d4f:0x3ffb5bc0 0x400d5990:0x3ffb5bf0 0x400e8248:0x3ffb5c10 0x40087d95:0x3ffb5c40




ELF file SHA256: 4d8592782

Rebooting...
ets Jul 29 2019 12:21:46

rst:0xc (SW_CPU_RESET),boot:0x13 (SPI_FAST_FLASH_BOOT)
configsip: 0, SPIWP:0xee
clk_drv:0x00,q_drv:0x00,d_drv:0x00,cs0_drv:0x00,hd_drv:0x00,wp_drv:0x00
mode:DIO, clock div:2
load:0x3fff0030,len:7172
load:0x40078000,len:15620
load:0x40080400,len:4
ho 8 tail 4 room 4
load:0x40080404,len:3904
entry 0x40080640
[0;32mI (31) boot: ESP-IDF v5.2.5-dirty 2nd stage bootloader[0m
[0;32mI (31) boot: compile time May 24 2025 14:40:16[0m
[0;32mI (31) boot: Multicore bootloader[0m
[0;32mI (36) boot: chip revision: v3.1[0m
[0;32mI (40) boot.esp32: SPI Speed      : 40MHz[0m
[0;32mI (44) boot.esp32: SPI Mode       : DIO[0m
[0;32mI (49) boot.esp32: SPI Flash Size : 2MB[0m
[0;32mI (53) boot: Enabling RNG early entropy source...[0m
[0;32mI (59) boot: Partition Table:[0m
[0;32mI (62) boot: ## Label            Usage          Type ST Offset   Length[0m
[0;32mI (70) boot:  0 nvs              WiFi data        01 02 00009000 00006000[0m
[0;32mI (77) boot:  1 phy_init         RF data          01 01 0000f000 00001000[0m
[0;32mI (84) boot:  2 factory          factory app      00 00 00010000 00100000[0m
[0;32mI (92) boot: End of partition table[0m
[0;32mI (96) esp_image: segment 0: paddr=00010020 vaddr=3f400020 size=0c314h ( 49940) map[0m
[0;32mI (122) esp_image: segment 1: paddr=0001c33c vaddr=3ffb0000 size=02ad4h ( 10964) load[0m
[0;32mI (126) esp_image: segment 2: paddr=0001ee18 vaddr=40080000 size=01200h (  4608) load[0m
[0;32mI (129) esp_image: segment 3: paddr=00020020 vaddr=400d0020 size=18b78h (101240) map[0m
[0;32mI (171) esp_image: segment 4: paddr=00038ba0 vaddr=40081200 size=0d900h ( 55552) load[0m
[0;32mI (200) boot: Loaded app from partition at offset 0x10000[0m
[0;32mI (200) boot: Disabling RNG early entropy source...[0m
[0;32mI (212) cpu_start: Multicore app[0m
[0;32mI (221) cpu_start: Pro cpu start user code[0m
[0;32mI (221) cpu_start: cpu freq: 160000000 Hz[0m
[0;32mI (221) cpu_start: Application information:[0m
[0;32mI (224) cpu_start: Project name:     VXL[0m
[0;32mI (229) cpu_start: App version:      1[0m
[0;32mI (233) cpu_start: Compile time:     May 24 2025 14:39:16[0m
[0;32mI (239) cpu_start: ELF file SHA256:  4d8592782...[0m
[0;32mI (244) cpu_start: ESP-IDF:          v5.2.5-dirty[0m
[0;32mI (250) cpu_start: Min chip rev:     v0.0[0m
[0;32mI (255) cpu_start: Max chip rev:     v3.99 [0m
[0;32mI (259) cpu_start: Chip rev:         v3.1[0m
[0;32mI (264) heap_init: Initializing. RAM available for dynamic allocation:[0m
[0;32mI (271) heap_init: At 3FFAE6E0 len 00001920 (6 KiB): DRAM[0m
[0;32mI (277) heap_init: At 3FFB3910 len 0002C6F0 (177 KiB): DRAM[0m
[0;32mI (284) heap_init: At 3FFE0440 len 00003AE0 (14 KiB): D/IRAM[0m
[0;32mI (290) heap_init: At 3FFE4350 len 0001BCB0 (111 KiB): D/IRAM[0m
[0;32mI (296) heap_init: At 4008EB00 len 00011500 (69 KiB): IRAM[0m
[0;32mI (304) spi_flash: detected chip: generic[0m
[0;32mI (307) spi_flash: flash io: dio[0m
[0;33mW (311) spi_flash: Detected size(4096k) larger than the size in the binary image header(2048k). Using the size in the binary image header.[0m
[0;33mW (324) i2c: This driver is an old driver, please migrate your application code to adapt `driver/i2c_master.h`[0m
[0;32mI (336) main_task: Started on CPU0[0m
[0;32mI (346) main_task: Calling app_main()[0m
[0;32mI (346) OLED: OLED configured successfully[0m
[0;33mW (486) i2s_platform: i2s controller 0 has been occupied by i2s_driver[0m
[0;31mE (486) i2s_common: i2s_new_channel(817): no available channel found[0m
ESP_ERROR_CHECK failed: esp_err_t 0x105 (ESP_ERR_NOT_FOUND) at 0x400d5cd6
file: "./lib/esp_inmp441.c" line 18
func: i2s_install
expression: i2s_new_channel(&chan_cfg, NULL, &rx_channel)

abort() was called at PC 0x40087273 on core 0


Backtrace: 0x400817ea:0x3ffb5a60 0x4008727d:0x3ffb5a80 0x4008d3e9:0x3ffb5aa0 0x40087273:0x3ffb5b10 0x400d5cd6:0x3ffb5b40 0x400d5d4f:0x3ffb5bc0 0x400d5990:0x3ffb5bf0 0x400e8248:0x3ffb5c10 0x40087d95:0x3ffb5c40




ELF file SHA256: 4d8592782

Rebooting...
ets Jul 29 2019 12:21:46

rst:0xc (SW_CPU_RESET),boot:0x13 (SPI_FAST_FLASH_BOOT)
configsip: 0, SPIWP:0xee
clk_drv:0x00,q_drv:0x00,d_drv:0x00,cs0_drv:0x00,hd_drv:0x00,wp_drv:0x00
mode:DIO, clock div:2
load:0x3fff0030,len:7172
load:0x40078000,len:15620
load:0x40080400,len:4
ho 8 tail 4 room 4
load:0x40080404,len:3904
entry 0x40080640
[0;32mI (31) boot: ESP-IDF v5.2.5-dirty 2nd stage bootloader[0m
[0;32mI (31) boot: compile time May 24 2025 14:40:16[0m
[0;32mI (31) boot: Multicore bootloader[0m
[0;32mI (36) boot: chip revision: v3.1[0m
[0;32mI (40) boot.esp32: SPI Speed      : 40MHz[0m
[0;32mI (44) boot.esp32: SPI Mode       : DIO[0m
[0;32mI (49) boot.esp32: SPI Flash Size : 2MB[0m
[0;32mI (53) boot: Enabling RNG early entropy source...[0m
[0;32mI (59) boot: Partition Table:[0m
[0;32mI (62) boot: ## Label            Usage          Type ST Offset   Length[0m
[0;32mI (70) boot:  0 nvs              WiFi data        01 02 00009000 00006000[0m
[0;32mI (77) boot:  1 phy_init         RF data          01 01 0000f000 00001000[0m
[0;32mI (84) boot:  2 factory          factory app      00 00 00010000 00100000[0m
[0;32mI (92) boot: End of partition table[0m
[0;32mI (96) esp_image: segment 0: paddr=00010020 vaddr=3f400020 size=0c314h ( 49940) map[0m
[0;32mI (122) esp_image: segment 1: paddr=0001c33c vaddr=3ffb0000 size=02ad4h ( 10964) load[0m
[0;32mI (126) esp_image: segment 2: paddr=0001ee18 vaddr=40080000 size=01200h (  4608) load[0m
[0;32mI (129) esp_image: segment 3: paddr=00020020 vaddr=400d0020 size=18b78h (101240) map[0m
[0;32mI (171) esp_image: segment 4: paddr=00038ba0 vaddr=40081200 size=0d900h ( 55552) load[0m
[0;32mI (200) boot: Loaded app from partition at offset 0x10000[0m
[0;32mI (200) boot: Disabling RNG early entropy source...[0m
[0;32mI (212) cpu_start: Multicore app[0m
[0;32mI (221) cpu_start: Pro cpu start user code[0m
[0;32mI (221) cpu_start: cpu freq: 160000000 Hz[0m
[0;32mI (221) cpu_start: Application information:[0m
[0;32mI (224) cpu_start: Project name:     VXL[0m
[0;32mI (229) cpu_start: App version:      1[0m
[0;32mI (233) cpu_start: Compile time:     May 24 2025 14:39:16[0m
[0;32mI (239) cpu_start: ELF file SHA256:  4d8592782...[0m
[0;32mI (244) cpu_start: ESP-IDF:          v5.2.5-dirty[0m
[0;32mI (250) cpu_start: Min chip rev:     v0.0[0m
[0;32mI (255) cpu_start: Max chip rev:     v3.99 [0m
[0;32mI (259) cpu_start: Chip rev:         v3.1[0m
[0;32mI (264) heap_init: Initializing. RAM available for dynamic allocation:[0m
[0;32mI (271) heap_init: At 3FFAE6E0 len 00001920 (6 KiB): DRAM[0m
[0;32mI (277) heap_init: At 3FFB3910 len 0002C6F0 (177 KiB): DRAM[0m
[0;32mI (284) heap_init: At 3FFE0440 len 00003AE0 (14 KiB): D/IRAM[0m
[0;32mI (290) heap_init: At 3FFE4350 len 0001BCB0 (111 KiB): D/IRAM[0m
[0;32mI (296) heap_init: At 4008EB00 len 00011500 (69 KiB): IRAM[0m
[0;32mI (304) spi_flash: detected chip: generic[0m
[0;32mI (307) spi_flash: flash io: dio[0m
[0;33mW (311) spi_flash: Detected size(4096k) larger than the size in the binary image header(2048k). Using the size in the binary image header.[0m
[0;33mW (324) i2c: This driver is an old driver, please migrate your application code to adapt `driver/i2c_master.h`[0m
[0;32mI (336) main_task: Started on CPU0[0m
[0;32mI (346) main_task: Calling app_main()[0m
[0;32mI (346) OLED: OLED configured successfully[0m
[0;33mW (486) i2s_platform: i2s controller 0 has been occupied by i2s_driver[0m
[0;31mE (486) i2s_common: i2s_new_channel(817): no available channel found[0m
ESP_ERROR_CHECK failed: esp_err_t 0x105 (ESP_ERR_NOT_FOUND) at 0x400d5cd6
file: "./lib/esp_inmp441.c" line 18
func: i2s_install
expression: i2s_new_channel(&chan_cfg, NULL, &rx_channel)

abort() was called at PC 0x40087273 on core 0


Backtrace: 0x400817ea:0x3ffb5a60 0x4008727d:0x3ffb5a80 0x4008d3e9:0x3ffb5aa0 0x40087273:0x3ffb5b10 0x400d5cd6:0x3ffb5b40 0x400d5d4f:0x3ffb5bc0 0x400d5990:0x3ffb5bf0 0x400e8248:0x3ffb5c10 0x40087d95:0x3ffb5c40




ELF file SHA256: 4d8592782

Rebooting...
ets Jul 29 2019 12:21:46

rst:0xc (SW_CPU_RESET),boot:0x13 (SPI_FAST_FLASH_BOOT)
configsip: 0, SPIWP:0xee
clk_drv:0x00,q_drv:0x00,d_drv:0x00,cs0_drv:0x00,hd_drv:0x00,wp_drv:0x00
mode:DIO, clock div:2
load:0x3fff0030,len:7172
load:0x40078000,len:15620
load:0x40080400,len:4
ho 8 tail 4 room 4
load:0x40080404,len:3904
entry 0x40080640
[0;32mI (31) boot: ESP-IDF v5.2.5-dirty 2nd stage bootloader[0m
[0;32mI (31) boot: compile time May 24 2025 14:40:16[0m
[0;32mI (31) boot: Multicore bootloader[0m
[0;32mI (36) boot: chip revision: v3.1[0m
[0;32mI (40) boot.esp32: SPI Speed      : 40MHz[0m
[0;32mI (44) boot.esp32: SPI Mode       : DIO[0m
[0;32mI (49) boot.esp32: SPI Flash Size : 2MB[0m
[0;32mI (53) boot: Enabling RNG early entropy source...[0m
[0;32mI (59) boot: Partition Table:[0m
[0;32mI (62) boot: ## Label            Usage          Type ST Offset   Length[0m
[0;32mI (70) boot:  0 nvs              WiFi data        01 02 00009000 00006000[0m
[0;32mI (77) boot:  1 phy_init         RF data          01 01 0000f000 00001000[0m
[0;32mI (84) boot:  2 factory          factory app      00 00 00010000 00100000[0m
[0;32mI (92) boot: End of partition table[0m
[0;32mI (96) esp_image: segment 0: paddr=00010020 vaddr=3f400020 size=0c314h ( 49940) map[0m
[0;32mI (122) esp_image: segment 1: paddr=0001c33c vaddr=3ffb0000 size=02ad4h ( 10964) load[0m
[0;32mI (126) esp_image: segment 2: paddr=0001ee18 vaddr=40080000 size=01200h (  4608) load[0m
[0;32mI (129) esp_image: segment 3: paddr=00020020 vaddr=400d0020 size=18b78h (101240) map[0m
[0;32mI (171) esp_image: segment 4: paddr=00038ba0 vaddr=40081200 size=0d900h ( 55552) load[0m
[0;32mI (200) boot: Loaded app from partition at offset 0x10000[0m
[0;32mI (200) boot: Disabling RNG early entropy source...[0m
[0;32mI (212) cpu_start: Multicore app[0m
[0;32mI (221) cpu_start: Pro cpu start user code[0m
[0;32mI (221) cpu_start: cpu freq: 160000000 Hz[0m
[0;32mI (221) cpu_start: Application information:[0m
[0;32mI (224) cpu_start: Project name:     VXL[0m
[0;32mI (229) cpu_start: App version:      1[0m
[0;32mI (233) cpu_start: Compile time:     May 24 2025 14:39:16[0m
[0;32mI (239) cpu_start: ELF file SHA256:  4d8592782...[0m
[0;32mI (244) cpu_start: ESP-IDF:          v5.2.5-dirty[0m
[0;32mI (250) cpu_start: Min chip rev:     v0.0[0m
[0;32mI (255) cpu_start: Max chip rev:     v3.99 [0m
[0;32mI (259) cpu_start: Chip rev:         v3.1[0m
[0;32mI (264) heap_init: Initializing. RAM available for dynamic allocation:[0m
[0;32mI (271) heap_init: At 3FFAE6E0 len 00001920 (6 KiB): DRAM[0m
[0;32mI (277) heap_init: At 3FFB3910 len 0002C6F0 (177 KiB): DRAM[0m
[0;32mI (284) heap_init: At 3FFE0440 len 00003AE0 (14 KiB): D/IRAM[0m
[0;32mI (290) heap_init: At 3FFE4350 len 0001BCB0 (111 KiB): D/IRAM[0m
[0;32mI (296) heap_init: At 4008EB00 len 00011500 (69 KiB): IRAM[0m
[0;32mI (304) spi_flash: detected chip: generic[0m
[0;32mI (307) spi_flash: flash io: dio[0m
[0;33mW (311) spi_flash: Detected size(4096k) larger than the size in the binary image header(2048k). Using the size in the binary image header.[0m
[0;33mW (324) i2c: This driver is an old driver, please migrate your application code to adapt `driver/i2c_master.h`[0m
[0;32mI (336) main_task: Started on CPU0[0m
[0;32mI (346) main_task: Calling app_main()[0m
[0;32mI (346) OLED: OLED configured successfully[0m
[0;33mW (486) i2s_platform: i2s controller 0 has been occupied by i2s_driver[0m
[0;31mE (486) i2s_common: i2s_new_channel(817): no available channel found[0m
ESP_ERROR_CHECK failed: esp_err_t 0x105 (ESP_ERR_NOT_FOUND) at 0x400d5cd6
file: "./lib/esp_inmp441.c" line 18
func: i2s_install
expression: i2s_new_channel(&chan_cfg, NULL, &rx_channel)

abort() was called at PC 0x40087273 on core 0


Backtrace: 0x400817ea:0x3ffb5a60 0x4008727d:0x3ffb5a80 0x4008d3e9:0x3ffb5aa0 0x40087273:0x3ffb5b10 0x400d5cd6:0x3ffb5b40 0x400d5d4f:0x3ffb5bc0 0x400d5990:0x3ffb5bf0 0x400e8248:0x3ffb5c10 0x40087d95:0x3ffb5c40




ELF file SHA256: 4d8592782

Rebooting...
ets Jul 29 2019 12:21:46

rst:0xc (SW_CPU_RESET),boot:0x13 (SPI_FAST_FLASH_BOOT)
configsip: 0, SPIWP:0xee
clk_drv:0x00,q_drv:0x00,d_drv:0x00,cs0_drv:0x00,hd_drv:0x00,wp_drv:0x00
mode:DIO, clock div:2
load:0x3fff0030,len:7172
load:0x40078000,len:15620
load:0x40080400,len:4
ho 8 tail 4 room 4
load:0x40080404,len:3904
entry 0x40080640
[0;32mI (31) boot: ESP-IDF v5.2.5-dirty 2nd stage bootloader[0m
[0;32mI (31) boot: compile time May 24 2025 14:40:16[0m
[0;32mI (31) boot: Multicore bootloader[0m
[0;32mI (36) boot: chip revision: v3.1[0m
[0;32mI (40) boot.esp32: SPI Speed      : 40MHz[0m
[0;32mI (44) boot.esp32: SPI Mode       : DIO[0m
[0;32mI (49) boot.esp32: SPI Flash Size : 2MB[0m
[0;32mI (53) boot: Enabling RNG early entropy source...[0m
[0;32mI (59) boot: Partition Table:[0m
[0;32mI (62) boot: ## Label            Usage          Type ST Offset   Length[0m
[0;32mI (70) boot:  0 nvs              WiFi data        01 02 00009000 00006000[0m
[0;32mI (77) boot:  1 phy_init         RF data          01 01 0000f000 00001000[0m
[0;32mI (84) boot:  2 factory          factory app      00 00 00010000 00100000[0m
[0;32mI (92) boot: End of partition table[0m
[0;32mI (96) esp_image: segment 0: paddr=00010020 vaddr=3f400020 size=0c314h ( 49940) map[0m
[0;32mI (122) esp_image: segment 1: paddr=0001c33c vaddr=3ffb0000 size=02ad4h ( 10964) load[0m
[0;32mI (126) esp_image: segment 2: paddr=0001ee18 vaddr=40080000 size=01200h (  4608) load[0m
[0;32mI (129) esp_image: segment 3: paddr=00020020 vaddr=400d0020 size=18b78h (101240) map[0m
[0;32mI (171) esp_image: segment 4: paddr=00038ba0 vaddr=40081200 size=0d900h ( 55552) load[0m
[0;32mI (200) boot: Loaded app from partition at offset 0x10000[0m
[0;32mI (200) boot: Disabling RNG early entropy source...[0m
[0;32mI (212) cpu_start: Multicore app[0m
[0;32mI (221) cpu_start: Pro cpu start user code[0m
[0;32mI (221) cpu_start: cpu freq: 160000000 Hz[0m
[0;32mI (221) cpu_start: Application information:[0m
[0;32mI (224) cpu_start: Project name:     VXL[0m
[0;32mI (229) cpu_start: App version:      1[0m
[0;32mI (233) cpu_start: Compile time:     May 24 2025 14:39:16[0m
[0;32mI (239) cpu_start: ELF file SHA256:  4d8592782...[0m
[0;32mI (244) cpu_start: ESP-IDF:          v5.2.5-dirty[0m
[0;32mI (250) cpu_start: Min chip rev:     v0.0[0m
[0;32mI (255) cpu_start: Max chip rev:     v3.99 [0m
[0;32mI (259) cpu_start: Chip rev:         v3.1[0m
[0;32mI (264) heap_init: Initializing. RAM available for dynamic allocation:[0m
[0;32mI (271) heap_init: At 3FFAE6E0 len 00001920 (6 KiB): DRAM[0m
[0;32mI (277) heap_init: At 3FFB3910 len 0002C6F0 (177 KiB): DRAM[0m
[0;32mI (284) heap_init: At 3FFE0440 len 00003AE0 (14 KiB): D/IRAM[0m
[0;32mI (290) heap_init: At 3FFE4350 len 0001BCB0 (111 KiB): D/IRAM[0m
[0;32mI (296) heap_init: At 4008EB00 len 00011500 (69 KiB): IRAM[0m
[0;32mI (304) spi_flash: detected chip: generic[0m
[0;32mI (307) spi_flash: flash io: dio[0m
[0;33mW (311) spi_flash: Detected size(4096k) larger than the size in the binary image header(2048k). Using the size in the binary image header.[0m
[0;33mW (324) i2c: This driver is an old driver, please migrate your application code to adapt `driver/i2c_master.h`[0m
[0;32mI (336) main_task: Started on CPU0[0m
[0;32mI (346) main_task: Calling app_main()[0m
[0;32mI (346) OLED: OLED configured successfully[0m
[0;33mW (486) i2s_platform: i2s controller 0 has been occupied by i2s_driver[0m
[0;31mE (486) i2s_common: i2s_new_channel(817): no available channel found[0m
ESP_ERROR_CHECK failed: esp_err_t 0x105 (ESP_ERR_NOT_FOUND) at 0x400d5cd6
file: "./lib/esp_inmp441.c" line 18
func: i2s_install
expression: i2s_new_channel(&chan_cfg, NULL, &rx_channel)

abort() was called at PC 0x40087273 on core 0


Backtrace: 0x400817ea:0x3ffb5a60 0x4008727d:0x3ffb5a80 0x4008d3e9:0x3ffb5aa0 0x40087273:0x3ffb5b10 0x400d5cd6:0x3ffb5b40 0x400d5d4f:0x3ffb5bc0 0x400d5990:0x3ffb5bf0 0x400e8248:0x3ffb5c10 0x40087d95:0x3ffb5c40




ELF file SHA256: 4d8592782

Rebooting...
ets Jul 29 2019 12:21:46

rst:0xc (SW_CPU_RESET),boot:0x13 (SPI_FAST_FLASH_BOOT)
configsip: 0, SPIWP:0xee
clk_drv:0x00,q_drv:0x00,d_drv:0x00,cs0_drv:0x00,hd_drv:0x00,wp_drv:0x00
mode:DIO, clock div:2
load:0x3fff0030,len:7172
load:0x40078000,len:15620
load:0x40080400,len:4
ho 8 tail 4 room 4
load:0x40080404,len:3904
entry 0x40080640
[0;32mI (31) boot: ESP-IDF v5.2.5-dirty 2nd stage bootloader[0m
[0;32mI (31) boot: compile time May 24 2025 14:40:16[0m
[0;32mI (31) boot: Multicore bootloader[0m
[0;32mI (36) boot: chip revision: v3.1[0m
[0;32mI (40) boot.esp32: SPI Speed      : 40MHz[0m
[0;32mI (44) boot.esp32: SPI Mode       : DIO[0m
[0;32mI (49) boot.esp32: SPI Flash Size : 2MB[0m
[0;32mI (53) boot: Enabling RNG early entropy source...[0m
[0;32mI (59) boot: Partition Table:[0m
[0;32mI (62) boot: ## Label            Usage          Type ST Offset   Length[0m
[0;32mI (70) boot:  0 nvs              WiFi data        01 02 00009000 00006000[0m
[0;32mI (77) boot:  1 phy_init         RF data          01 01 0000f000 00001000[0m
[0;32mI (84) boot:  2 factory          factory app      00 00 00010000 00100000[0m
[0;32mI (92) boot: End of partition table[0m
[0;32mI (96) esp_image: segment 0: paddr=00010020 vaddr=3f400020 size=0c314h ( 49940) map[0m
[0;32mI (122) esp_image: segment 1: paddr=0001c33c vaddr=3ffb0000 size=02ad4h ( 10964) load[0m
[0;32mI (126) esp_image: segment 2: paddr=0001ee18 vaddr=40080000 size=01200h (  4608) load[0m
[0;32mI (129) esp_image: segment 3: paddr=00020020 vaddr=400d0020 size=18b78h (101240) map[0m
[0;32mI (171) esp_image: segment 4: paddr=00038ba0 vaddr=40081200 size=0d900h ( 55552) load[0m
[0;32mI (200) boot: Loaded app from partition at offset 0x10000[0m
[0;32mI (200) boot: Disabling RNG early entropy source...[0m
[0;32mI (212) cpu_start: Multicore app[0m
[0;32mI (221) cpu_start: Pro cpu start user code[0m
[0;32mI (221) cpu_start: cpu freq: 160000000 Hz[0m
[0;32mI (221) cpu_start: Application information:[0m
[0;32mI (224) cpu_start: Project name:     VXL[0m
[0;32mI (229) cpu_start: App version:      1[0m
[0;32mI (233) cpu_start: Compile time:     May 24 2025 14:39:16[0m
[0;32mI (239) cpu_start: ELF file SHA256:  4d8592782...[0m
[0;32mI (244) cpu_start: ESP-IDF:          v5.2.5-dirty[0m
[0;32mI (250) cpu_start: Min chip rev:     v0.0[0m
[0;32mI (255) cpu_start: Max chip rev:     v3.99 [0m
[0;32mI (259) cpu_start: Chip rev:         v3.1[0m
[0;32mI (264) heap_init: Initializing. RAM available for dynamic allocation:[0m
[0;32mI (271) heap_init: At 3FFAE6E0 len 00001920 (6 KiB): DRAM[0m
[0;32mI (277) heap_init: At 3FFB3910 len 0002C6F0 (177 KiB): DRAM[0m
[0;32mI (284) heap_init: At 3FFE0440 len 00003AE0 (14 KiB): D/IRAM[0m
[0;32mI (290) heap_init: At 3FFE4350 len 0001BCB0 (111 KiB): D/IRAM[0m
[0;32mI (296) heap_init: At 4008EB00 len 00011500 (69 KiB): IRAM[0m
[0;32mI (304) spi_flash: detected chip: generic[0m
[0;32mI (307) spi_flash: flash io: dio[0m
[0;33mW (311) spi_flash: Detected size(4096k) larger than the size in the binary image header(2048k). Using the size in the binary image header.[0m
[0;33mW (324) i2c: This driver is an old driver, please migrate your application code to adapt `driver/i2c_master.h`[0m
[0;32mI (336) main_task: Started on CPU0[0m
[0;32mI (346) main_task: Calling app_main()[0m
[0;32mI (346) OLED: OLED configured successfully[0m
[0;33mW (486) i2s_platform: i2s controller 0 has been occupied by i2s_driver[0m
[0;31mE (486) i2s_common: i2s_new_channel(817): no available channel found[0m
ESP_ERROR_CHECK failed: esp_err_t 0x105 (ESP_ERR_NOT_FOUND) at 0x400d5cd6
file: "./lib/esp_inmp441.c" line 18
func: i2s_install
expression: i2s_new_channel(&chan_cfg, NULL, &rx_channel)

abort() was called at PC 0x40087273 on core 0


Backtrace: 0x400817ea:0x3ffb5a60 0x4008727d:0x3ffb5a80 0x4008d3e9:0x3ffb5aa0 0x40087273:0x3ffb5b10 0x400d5cd6:0x3ffb5b40 0x400d5d4f:0x3ffb5bc0 0x400d5990:0x3ffb5bf0 0x400e8248:0x3ffb5c10 0x40087d95:0x3ffb5c40




ELF file SHA256: 4d8592782

Rebooting...
ets Jul 29 2019 12:21:46

rst:0xc (SW_CPU_RESET),boot:0x13 (SPI_FAST_FLASH_BOOT)
configsip: 0, SPIWP:0xee
clk_drv:0x00,q_drv:0x00,d_drv:0x00,cs0_drv:0x00,hd_drv:0x00,wp_drv:0x00
mode:DIO, clock div:2
load:0x3fff0030,len:7172
load:0x40078000,len:15620
load:0x40080400,len:4
ho 8 tail 4 room 4
load:0x40080404,len:3904
entry 0x40080640
[0;32mI (31) boot: ESP-IDF v5.2.5-dirty 2nd stage bootloader[0m
[0;32mI (31) boot: compile time May 24 2025 14:40:16[0m
[0;32mI (31) boot: Multicore bootloader[0m
[0;32mI (36) boot: chip revision: v3.1[0m
[0;32mI (40) boot.esp32: SPI Speed      : 40MHz[0m
[0;32mI (44) boot.esp32: SPI Mode       : DIO[0m
[0;32mI (49) boot.esp32: SPI Flash Size : 2MB[0m
[0;32mI (53) boot: Enabling RNG early entropy source...[0m
[0;32mI (59) boot: Partition Table:[0m
[0;32mI (62) boot: ## Label            Usage          Type ST Offset   Length[0m
[0;32mI (70) boot:  0 nvs              WiFi data        01 02 00009000 00006000[0m
[0;32mI (77) boot:  1 phy_init         RF data          01 01 0000f000 00001000[0m
[0;32mI (84) boot:  2 factory          factory app      00 00 00010000 00100000[0m
[0;32mI (92) boot: End of partition table[0m
[0;32mI (96) esp_image: segment 0: paddr=00010020 vaddr=3f400020 size=0c314h ( 49940) map[0m
[0;32mI (122) esp_image: segment 1: paddr=0001c33c vaddr=3ffb0000 size=02ad4h ( 10964) load[0m
[0;32mI (126) esp_image: segment 2: paddr=0001ee18 vaddr=40080000 size=01200h (  4608) load[0m
[0;32mI (129) esp_image: segment 3: paddr=00020020 vaddr=400d0020 size=18b78h (101240) map[0m
[0;32mI (171) esp_image: segment 4: paddr=00038ba0 vaddr=40081200 size=0d900h ( 55552) load[0m
[0;32mI (200) boot: Loaded app from partition at offset 0x10000[0m
[0;32mI (200) boot: Disabling RNG early entropy source...[0m
[0;32mI (212) cpu_start: Multicore app[0m
[0;32mI (221) cpu_start: Pro cpu start user code[0m
[0;32mI (221) cpu_start: cpu freq: 160000000 Hz[0m
[0;32mI (221) cpu_start: Application information:[0m
[0;32mI (224) cpu_start: Project name:     VXL[0m
[0;32mI (229) cpu_start: App version:      1[0m
[0;32mI (233) cpu_start: Compile time:     May 24 2025 14:39:16[0m
[0;32mI (239) cpu_start: ELF file SHA256:  4d8592782...[0m
[0;32mI (244) cpu_start: ESP-IDF:          v5.2.5-dirty[0m
[0;32mI (250) cpu_start: Min chip rev:     v0.0[0m
[0;32mI (255) cpu_start: Max chip rev:     v3.99 [0m
[0;32mI (259) cpu_start: Chip rev:         v3.1[0m
[0;32mI (264) heap_init: Initializing. RAM available for dynamic allocation:[0m
[0;32mI (271) heap_init: At 3FFAE6E0 len 00001920 (6 KiB): DRAM[0m
[0;32mI (277) heap_init: At 3FFB3910 len 0002C6F0 (177 KiB): DRAM[0m
[0;32mI (284) heap_init: At 3FFE0440 len 00003AE0 (14 KiB): D/IRAM[0m
[0;32mI (290) heap_init: At 3FFE4350 len 0001BCB0 (111 KiB): D/IRAM[0m
[0;32mI (296) heap_init: At 4008EB00 len 00011500 (69 KiB): IRAM[0m
[0;32mI (304) spi_flash: detected chip: generic[0m
[0;32mI (307) spi_flash: flash io: dio[0m
[0;33mW (311) spi_flash: Detected size(4096k) larger than the size in the binary image header(2048k). Using the size in the binary image header.[0m
[0;33mW (324) i2c: This driver is an old driver, please migrate your application code to adapt `driver/i2c_master.h`[0m
[0;32mI (336) main_task: Started on CPU0[0m
[0;32mI (346) main_task: Calling app_main()[0m
[0;32mI (346) OLED: OLED configured successfully[0m
[0;33mW (486) i2s_platform: i2s controller 0 has been occupied by i2s_driver[0m
[0;31mE (486) i2s_common: i2s_new_channel(817): no available channel found[0m
ESP_ERROR_CHECK failed: esp_err_t 0x105 (ESP_ERR_NOT_FOUND) at 0x400d5cd6
file: "./lib/esp_inmp441.c" line 18
func: i2s_install
expression: i2s_new_channel(&chan_cfg, NULL, &rx_channel)

abort() was called at PC 0x40087273 on core 0


Backtrace: 0x400817ea:0x3ffb5a60 0x4008727d:0x3ffb5a80 0x4008d3e9:0x3ffb5aa0 0x40087273:0x3ffb5b10 0x400d5cd6:0x3ffb5b40 0x400d5d4f:0x3ffb5bc0 0x400d5990:0x3ffb5bf0 0x400e8248:0x3ffb5c10 0x40087d95:0x3ffb5c40




ELF file SHA256: 4d8592782

Rebooting...
ets Jul 29 2019 12:21:46

rst:0xc (SW_CPU_RESET),boot:0x13 (SPI_FAST_FLASH_BOOT)
configsip: 0, SPIWP:0xee
clk_drv:0x00,q_drv:0x00,d_drv:0x00,cs0_drv:0x00,hd_drv:0x00,wp_drv:0x00
mode:DIO, clock div:2
load:0x3fff0030,len:7172
load:0x40078000,len:15620
load:0x40080400,len:4
ho 8 tail 4 room 4
load:0x40080404,len:3904
entry 0x40080640
[0;32mI (31) boot: ESP-IDF v5.2.5-dirty 2nd stage bootloader[0m
[0;32mI (31) boot: compile time May 24 2025 14:40:16[0m
[0;32mI (31) boot: Multicore bootloader[0m
[0;32mI (36) boot: chip revision: v3.1[0m
[0;32mI (40) boot.esp32: SPI Speed      : 40MHz[0m
[0;32mI (44) boot.esp32: SPI Mode       : DIO[0m
[0;32mI (49) boot.esp32: SPI Flash Size : 2MB[0m
[0;32mI (53) boot: Enabling RNG early entropy source...[0m
[0;32mI (59) boot: Partition Table:[0m
[0;32mI (62) boot: ## Label            Usage          Type ST Offset   Length[0m
[0;32mI (70) boot:  0 nvs              WiFi data        01 02 00009000 00006000[0m
[0;32mI (77) boot:  1 phy_init         RF data          01 01 0000f000 00001000[0m
[0;32mI (84) boot:  2 factory          factory app      00 00 00010000 00100000[0m
[0;32mI (92) boot: End of partition table[0m
[0;32mI (96) esp_image: segment 0: paddr=00010020 vaddr=3f400020 size=0c314h ( 49940) map[0m
[0;32mI (122) esp_image: segment 1: paddr=0001c33c vaddr=3ffb0000 size=02ad4h ( 10964) load[0m
[0;32mI (126) esp_image: segment 2: paddr=0001ee18 vaddr=40080000 size=01200h (  4608) load[0m
[0;32mI (129) esp_image: segment 3: paddr=00020020 vaddr=400d0020 size=18b78h (101240) map[0m
[0;32mI (171) esp_image: segment 4: paddr=00038ba0 vaddr=40081200 size=0d900h ( 55552) load[0m
[0;32mI (200) boot: Loaded app from partition at offset 0x10000[0m
[0;32mI (200) boot: Disabling RNG early entropy source...[0m
[0;32mI (212) cpu_start: Multicore app[0m
[0;32mI (221) cpu_start: Pro cpu start user code[0m
[0;32mI (221) cpu_start: cpu freq: 160000000 Hz[0m
[0;32mI (221) cpu_start: Application information:[0m
[0;32mI (224) cpu_start: Project name:     VXL[0m
[0;32mI (229) cpu_start: App version:      1[0m
[0;32mI (233) cpu_start: Compile time:     May 24 2025 14:39:16[0m
[0;32mI (239) cpu_start: ELF file SHA256:  4d8592782...[0m
[0;32mI (244) cpu_start: ESP-IDF:          v5.2.5-dirty[0m
[0;32mI (250) cpu_start: Min chip rev:     v0.0[0m
[0;32mI (255) cpu_start: Max chip rev:     v3.99 [0m
[0;32mI (259) cpu_start: Chip rev:         v3.1[0m
[0;32mI (264) heap_init: Initializing. RAM available for dynamic allocation:[0m
[0;32mI (271) heap_init: At 3FFAE6E0 len 00001920 (6 KiB): DRAM[0m
[0;32mI (277) heap_init: At 3FFB3910 len 0002C6F0 (177 KiB): DRAM[0m
[0;32mI (284) heap_init: At 3FFE0440 len 00003AE0 (14 KiB): D/IRAM[0m
[0;32mI (290) heap_init: At 3FFE4350 len 0001BCB0 (111 KiB): D/IRAM[0m
[0;32mI (296) heap_init: At 4008EB00 len 00011500 (69 KiB): IRAM[0m
[0;32mI (304) spi_flash: detected chip: generic[0m
[0;32mI (307) spi_flash: flash io: dio[0m
[0;33mW (311) spi_flash: Detected size(4096k) larger than the size in the binary image header(2048k). Using the size in the binary image header.[0m
[0;33mW (324) i2c: This driver is an old driver, please migrate your application code to adapt `driver/i2c_master.h`[0m
[0;32mI (336) main_task: Started on CPU0[0m
[0;32mI (346) main_task: Calling app_main()[0m
[0;32mI (346) OLED: OLED configured successfully[0m
[0;33mW (486) i2s_platform: i2s controller 0 has been occupied by i2s_driver[0m
[0;31mE (486) i2s_common: i2s_new_channel(817): no available channel found[0m
ESP_ERROR_CHECK failed: esp_err_t 0x105 (ESP_ERR_NOT_FOUND) at 0x400d5cd6
file: "./lib/esp_inmp441.c" line 18
func: i2s_install
expression: i2s_new_channel(&chan_cfg, NULL, &rx_channel)

abort() was called at PC 0x40087273 on core 0


Backtrace: 0x400817ea:0x3ffb5a60 0x4008727d:0x3ffb5a80 0x4008d3e9:0x3ffb5aa0 0x40087273:0x3ffb5b10 0x400d5cd6:0x3ffb5b40 0x400d5d4f:0x3ffb5bc0 0x400d5990:0x3ffb5bf0 0x400e8248:0x3ffb5c10 0x40087d95:0x3ffb5c40




ELF file SHA256: 4d8592782

Rebooting...
ets Jul 29 2019 12:21:46

rst:0xc (SW_CPU_RESET),boot:0x13 (SPI_FAST_FLASH_BOOT)
configsip: 0, SPIWP:0xee
clk_drv:0x00,q_drv:0x00,d_drv:0x00,cs0_drv:0x00,hd_drv:0x00,wp_drv:0x00
mode:DIO, clock div:2
load:0x3fff0030,len:7172
load:0x40078000,len:15620
load:0x40080400,len:4
ho 8 tail 4 room 4
load:0x40080404,len:3904
entry 0x40080640
[0;32mI (31) boot: ESP-IDF v5.2.5-dirty 2nd stage bootloader[0m
[0;32mI (31) boot: compile time May 24 2025 14:40:16[0m
[0;32mI (31) boot: Multicore bootloader[0m
[0;32mI (36) boot: chip revision: v3.1[0m
[0;32mI (40) boot.esp32: SPI Speed      : 40MHz[0m
[0;32mI (44) boot.esp32: SPI Mode       : DIO[0m
[0;32mI (49) boot.esp32: SPI Flash Size : 2MB[0m
[0;32mI (53) boot: Enabling RNG early entropy source...[0m
[0;32mI (59) boot: Partition Table:[0m
[0;32mI (62) boot: ## Label            Usage          Type ST Offset   Length[0m
[0;32mI (70) boot:  0 nvs              WiFi data        01 02 00009000 00006000[0m
[0;32mI (77) boot:  1 phy_init         RF data          01 01 0000f000 00001000[0m
[0;32mI (84) boot:  2 factory          factory app      00 00 00010000 00100000[0m
[0;32mI (92) boot: End of partition table[0m
[0;32mI (96) esp_image: segment 0: paddr=00010020 vaddr=3f400020 size=0c314h ( 49940) map[0m
[0;32mI (122) esp_image: segment 1: paddr=0001c33c vaddr=3ffb0000 size=02ad4h ( 10964) load[0m
[0;32mI (126) esp_image: segment 2: paddr=0001ee18 vaddr=40080000 size=01200h (  4608) load[0m
[0;32mI (129) esp_image: segment 3: paddr=00020020 vaddr=400d0020 size=18b78h (101240) map[0m
[0;32mI (171) esp_image: segment 4: paddr=00038ba0 vaddr=40081200 size=0d900h ( 55552) load[0m
[0;32mI (200) boot: Loaded app from partition at offset 0x10000[0m
[0;32mI (200) boot: Disabling RNG early entropy source...[0m
[0;32mI (212) cpu_start: Multicore app[0m
[0;32mI (221) cpu_start: Pro cpu start user code[0m
[0;32mI (221) cpu_start: cpu freq: 160000000 Hz[0m
[0;32mI (221) cpu_start: Application information:[0m
[0;32mI (224) cpu_start: Project name:     VXL[0m
[0;32mI (229) cpu_start: App version:      1[0m
[0;32mI (233) cpu_start: Compile time:     May 24 2025 14:39:16[0m
[0;32mI (239) cpu_start: ELF file SHA256:  4d8592782...[0m
[0;32mI (244) cpu_start: ESP-IDF:          v5.2.5-dirty[0m
[0;32mI (250) cpu_start: Min chip rev:     v0.0[0m
[0;32mI (255) cpu_start: Max chip rev:     v3.99 [0m
[0;32mI (259) cpu_start: Chip rev:         v3.1[0m
[0;32mI (264) heap_init: Initializing. RAM available for dynamic allocation:[0m
[0;32mI (271) heap_init: At 3FFAE6E0 len 00001920 (6 KiB): DRAM[0m
[0;32mI (277) heap_init: At 3FFB3910 len 0002C6F0 (177 KiB): DRAM[0m
[0;32mI (284) heap_init: At 3FFE0440 len 00003AE0 (14 KiB): D/IRAM[0m
[0;32mI (290) heap_init: At 3FFE4350 len 0001BCB0 (111 KiB): D/IRAM[0m
[0;32mI (296) heap_init: At 4008EB00 len 00011500 (69 KiB): IRAM[0m
[0;32mI (304) spi_flash: detected chip: generic[0m
[0;32mI (307) spi_flash: flash io: dio[0m
[0;33mW (311) spi_flash: Detected size(4096k) larger than the size in the binary image header(2048k). Using the size in the binary image header.[0m
[0;33mW (324) i2c: This driver is an old driver, please migrate your application code to adapt `driver/i2c_master.h`[0m
[0;32mI (336) main_task: Started on CPU0[0m
[0;32mI (346) main_task: Calling app_main()[0m
[0;32mI (346) OLED: OLED configured successfully[0m
[0;33mW (486) i2s_platform: i2s controller 0 has been occupied by i2s_driver[0m
[0;31mE (486) i2s_common: i2s_new_channel(817): no available channel found[0m
ESP_ERROR_CHECK failed: esp_err_t 0x105 (ESP_ERR_NOT_FOUND) at 0x400d5cd6
file: "./lib/esp_inmp441.c" line 18
func: i2s_install
expression: i2s_new_channel(&chan_cfg, NULL, &rx_channel)

abort() was called at PC 0x40087273 on core 0


Backtrace: 0x400817ea:0x3ffb5a60 0x4008727d:0x3ffb5a80 0x4008d3e9:0x3ffb5aa0 0x40087273:0x3ffb5b10 0x400d5cd6:0x3ffb5b40 0x400d5d4f:0x3ffb5bc0 0x400d5990:0x3ffb5bf0 0x400e8248:0x3ffb5c10 0x40087d95:0x3ffb5c40




ELF file SHA256: 4d8592782

Rebooting...
ets Jul 29 2019 12:21:46

rst:0xc (SW_CPU_RESET),boot:0x13 (SPI_FAST_FLASH_BOOT)
configsip: 0, SPIWP:0xee
clk_drv:0x00,q_drv:0x00,d_drv:0x00,cs0_drv:0x00,hd_drv:0x00,wp_drv:0x00
mode:DIO, clock div:2
load:0x3fff0030,len:7172
load:0x40078000,len:15620
load:0x40080400,len:4
ho 8 tail 4 room 4
load:0x40080404,len:3904
entry 0x40080640
[0;32mI (31) boot: ESP-IDF v5.2.5-dirty 2nd stage bootloader[0m
[0;32mI (31) boot: compile time May 24 2025 14:40:16[0m
[0;32mI (31) boot: Multicore bootloader[0m
[0;32mI (36) boot: chip revision: v3.1[0m
[0;32mI (40) boot.esp32: SPI Speed      : 40MHz[0m
[0;32mI (44) boot.esp32: SPI Mode       : DIO[0m
[0;32mI (49) boot.esp32: SPI Flash Size : 2MB[0m
[0;32mI (53) boot: Enabling RNG early entropy source...[0m
[0;32mI (59) boot: Partition Table:[0m
[0;32mI (62) boot: ## Label            Usage          Type ST Offset   Length[0m
[0;32mI (70) boot:  0 nvs              WiFi data        01 02 00009000 00006000[0m
[0;32mI (77) boot:  1 phy_init         RF data          01 01 0000f000 00001000[0m
[0;32mI (84) boot:  2 factory          factory app      00 00 00010000 00100000[0m
[0;32mI (92) boot: End of partition table[0m
[0;32mI (96) esp_image: segment 0: paddr=00010020 vaddr=3f400020 size=0c314h ( 49940) map[0m
[0;32mI (122) esp_image: segment 1: paddr=0001c33c vaddr=3ffb0000 size=02ad4h ( 10964) load[0m
[0;32mI (126) esp_image: segment 2: paddr=0001ee18 vaddr=40080000 size=01200h (  4608) load[0m
[0;32mI (129) esp_image: segment 3: paddr=00020020 vaddr=400d0020 size=18b78h (101240) map[0m
[0;32mI (171) esp_image: segment 4: paddr=00038ba0 vaddr=40081200 size=0d900h ( 55552) load[0m
[0;32mI (200) boot: Loaded app from partition at offset 0x10000[0m
[0;32mI (200) boot: Disabling RNG early entropy source...[0m
[0;32mI (212) cpu_start: Multicore app[0m
[0;32mI (221) cpu_start: Pro cpu start user code[0m
[0;32mI (221) cpu_start: cpu freq: 160000000 Hz[0m
[0;32mI (221) cpu_start: Application information:[0m
[0;32mI (224) cpu_start: Project name:     VXL[0m
[0;32mI (229) cpu_start: App version:      1[0m
[0;32mI (233) cpu_start: Compile time:     May 24 2025 14:39:16[0m
[0;32mI (239) cpu_start: ELF file SHA256:  4d8592782...[0m
[0;32mI (244) cpu_start: ESP-IDF:          v5.2.5-dirty[0m
[0;32mI (250) cpu_start: Min chip rev:     v0.0[0m
[0;32mI (255) cpu_start: Max chip rev:     v3.99 [0m
[0;32mI (259) cpu_start: Chip rev:         v3.1[0m
[0;32mI (264) heap_init: Initializing. RAM available for dynamic allocation:[0m
[0;32mI (271) heap_init: At 3FFAE6E0 len 00001920 (6 KiB): DRAM[0m
[0;32mI (277) heap_init: At 3FFB3910 len 0002C6F0 (177 KiB): DRAM[0m
[0;32mI (284) heap_init: At 3FFE0440 len 00003AE0 (14 KiB): D/IRAM[0m
[0;32mI (290) heap_init: At 3FFE4350 len 0001BCB0 (111 KiB): D/IRAM[0m
[0;32mI (296) heap_init: At 4008EB00 len 00011500 (69 KiB): IRAM[0m
[0;32mI (304) spi_flash: detected chip: generic[0m
[0;32mI (307) spi_flash: flash io: dio[0m
[0;33mW (311) spi_flash: Detected size(4096k) larger than the size in the binary image header(2048k). Using the size in the binary image header.[0m
[0;33mW (324) i2c: This driver is an old driver, please migrate your application code to adapt `driver/i2c_master.h`[0m
[0;32mI (336) main_task: Started on CPU0[0m
[0;32mI (346) main_task: Calling app_main()[0m
[0;32mI (346) OLED: OLED configured successfully[0m
[0;33mW (486) i2s_platform: i2s controller 0 has been occupied by i2s_driver[0m
[0;31mE (486) i2s_common: i2s_new_channel(817): no available channel found[0m
ESP_ERROR_CHECK failed: esp_err_t 0x105 (ESP_ERR_NOT_FOUND) at 0x400d5cd6
file: "./lib/esp_inmp441.c" line 18
func: i2s_install
expression: i2s_new_channel(&chan_cfg, NULL, &rx_channel)

abort() was called at PC 0x40087273 on core 0


Backtrace: 0x400817ea:0x3ffb5a60 0x4008727d:0x3ffb5a80 0x4008d3e9:0x3ffb5aa0 0x40087273:0x3ffb5b10 0x400d5cd6:0x3ffb5b40 0x400d5d4f:0x3ffb5bc0 0x400d5990:0x3ffb5bf0 0x400e8248:0x3ffb5c10 0x40087d95:0x3ffb5c40




ELF file SHA256: 4d8592782

Rebooting...
ets Jul 29 2019 12:21:46

rst:0xc (SW_CPU_RESET),boot:0x13 (SPI_FAST_FLASH_BOOT)
configsip: 0, SPIWP:0xee
clk_drv:0x00,q_drv:0x00,d_drv:0x00,cs0_drv:0x00,hd_drv:0x00,wp_drv:0x00
mode:DIO, clock div:2
load:0x3fff0030,len:7172
load:0x40078000,len:15620
load:0x40080400,len:4
ho 8 tail 4 room 4
load:0x40080404,len:3904
entry 0x40080640
[0;32mI (31) boot: ESP-IDF v5.2.5-dirty 2nd stage bootloader[0m
[0;32mI (31) boot: compile time May 24 2025 14:40:16[0m
[0;32mI (31) boot: Multicore bootloader[0m
[0;32mI (36) boot: chip revision: v3.1[0m
[0;32mI (40) boot.esp32: SPI Speed      : 40MHz[0m
[0;32mI (44) boot.esp32: SPI Mode       : DIO[0m
[0;32mI (49) boot.esp32: SPI Flash Size : 2MB[0m
[0;32mI (53) boot: Enabling RNG early entropy source...[0m
[0;32mI (59) boot: Partition Table:[0m
[0;32mI (62) boot: ## Label            Usage          Type ST Offset   Length[0m
[0;32mI (70) boot:  0 nvs              WiFi data        01 02 00009000 00006000[0m
[0;32mI (77) boot:  1 phy_init         RF data          01 01 0000f000 00001000[0m
[0;32mI (84) boot:  2 factory          factory app      00 00 00010000 00100000[0m
[0;32mI (92) boot: End of partition table[0m
[0;32mI (96) esp_image: segment 0: paddr=00010020 vaddr=3f400020 size=0c314h ( 49940) map[0m
[0;32mI (122) esp_image: segment 1: paddr=0001c33c vaddr=3ffb0000 size=02ad4h ( 10964) load[0m
[0;32mI (126) esp_image: segment 2: paddr=0001ee18 vaddr=40080000 size=01200h (  4608) load[0m
[0;32mI (129) esp_image: segment 3: paddr=00020020 vaddr=400d0020 size=18b78h (101240) map[0m
[0;32mI (171) esp_image: segment 4: paddr=00038ba0 vaddr=40081200 size=0d900h ( 55552) load[0m
[0;32mI (200) boot: Loaded app from partition at offset 0x10000[0m
[0;32mI (200) boot: Disabling RNG early entropy source...[0m
[0;32mI (212) cpu_start: Multicore app[0m
[0;32mI (221) cpu_start: Pro cpu start user code[0m
[0;32mI (221) cpu_start: cpu freq: 160000000 Hz[0m
[0;32mI (221) cpu_start: Application information:[0m
[0;32mI (224) cpu_start: Project name:     VXL[0m
[0;32mI (229) cpu_start: App version:      1[0m
[0;32mI (233) cpu_start: Compile time:     May 24 2025 14:39:16[0m
[0;32mI (239) cpu_start: ELF file SHA256:  4d8592782...[0m
[0;32mI (244) cpu_start: ESP-IDF:          v5.2.5-dirty[0m
[0;32mI (250) cpu_start: Min chip rev:     v0.0[0m
[0;32mI (255) cpu_start: Max chip rev:     v3.99 [0m
[0;32mI (259) cpu_start: Chip rev:         v3.1[0m
[0;32mI (264) heap_init: Initializing. RAM available for dynamic allocation:[0m
[0;32mI (271) heap_init: At 3FFAE6E0 len 00001920 (6 KiB): DRAM[0m
[0;32mI (277) heap_init: At 3FFB3910 len 0002C6F0 (177 KiB): DRAM[0m
[0;32mI (284) heap_init: At 3FFE0440 len 00003AE0 (14 KiB): D/IRAM[0m
[0;32mI (290) heap_init: At 3FFE4350 len 0001BCB0 (111 KiB): D/IRAM[0m
[0;32mI (296) heap_init: At 4008EB00 len 00011500 (69 KiB): IRAM[0m
[0;32mI (304) spi_flash: detected chip: generic[0m
[0;32mI (307) spi_flash: flash io: dio[0m
[0;33mW (311) spi_flash: Detected size(4096k) larger than the size in the binary image header(2048k). Using the size in the binary image header.[0m
[0;33mW (324) i2c: This driver is an old driver, please migrate your application code to adapt `driver/i2c_master.h`[0m
[0;32mI (336) main_task: Started on CPU0[0m
[0;32mI (346) main_task: Calling app_main()[0m
[0;32mI (346) OLED: OLED configured successfully[0m
[0;33mW (486) i2s_platform: i2s controller 0 has been occupied by i2s_driver[0m
[0;31mE (486) i2s_common: i2s_new_channel(817): no available channel found[0m
ESP_ERROR_CHECK failed: esp_err_t 0x105 (ESP_ERR_NOT_FOUND) at 0x400d5cd6
file: "./lib/esp_inmp441.c" line 18
func: i2s_install
expression: i2s_new_channel(&chan_cfg, NULL, &rx_channel)

abort() was called at PC 0x40087273 on core 0


Backtrace: 0x400817ea:0x3ffb5a60 0x4008727d:0x3ffb5a80 0x4008d3e9:0x3ffb5aa0 0x40087273:0x3ffb5b10 0x400d5cd6:0x3ffb5b40 0x400d5d4f:0x3ffb5bc0 0x400d5990:0x3ffb5bf0 0x400e8248:0x3ffb5c10 0x40087d95:0x3ffb5c40




ELF file SHA256: 4d8592782

Rebooting...
ets Jul 29 2019 12:21:46

rst:0xc (SW_CPU_RESET),boot:0x13 (SPI_FAST_FLASH_BOOT)
configsip: 0, SPIWP:0xee
clk_drv:0x00,q_drv:0x00,d_drv:0x00,cs0_drv:0x00,hd_drv:0x00,wp_drv:0x00
mode:DIO, clock div:2
load:0x3fff0030,len:7172
load:0x40078000,len:15620
load:0x40080400,len:4
ho 8 tail 4 room 4
load:0x40080404,len:3904
entry 0x40080640
[0;32mI (31) boot: ESP-IDF v5.2.5-dirty 2nd stage bootloader[0m
[0;32mI (31) boot: compile time May 24 2025 14:40:16[0m
[0;32mI (31) boot: Multicore bootloader[0m
[0;32mI (36) boot: chip revision: v3.1[0m
[0;32mI (40) boot.esp32: SPI Speed      : 40MHz[0m
[0;32mI (44) boot.esp32: SPI Mode       : DIO[0m
[0;32mI (49) boot.esp32: SPI Flash Size : 2MB[0m
[0;32mI (53) boot: Enabling RNG early entropy source...[0m
[0;32mI (59) boot: Partition Table:[0m
[0;32mI (62) boot: ## Label            Usage          Type ST Offset   Length[0m
[0;32mI (70) boot:  0 nvs              WiFi data        01 02 00009000 00006000[0m
[0;32mI (77) boot:  1 phy_init         RF data          01 01 0000f000 00001000[0m
[0;32mI (84) boot:  2 factory          factory app      00 00 00010000 00100000[0m
[0;32mI (92) boot: End of partition table[0m
[0;32mI (96) esp_image: segment 0: paddr=00010020 vaddr=3f400020 size=0c314h ( 49940) map[0m
[0;32mI (122) esp_image: segment 1: paddr=0001c33c vaddr=3ffb0000 size=02ad4h ( 10964) load[0m
[0;32mI (126) esp_image: segment 2: paddr=0001ee18 vaddr=40080000 size=01200h (  4608) load[0m
[0;32mI (129) esp_image: segment 3: paddr=00020020 vaddr=400d0020 size=18b78h (101240) map[0m
[0;32mI (171) esp_image: segment 4: paddr=00038ba0 vaddr=40081200 size=0d900h ( 55552) load[0m
[0;32mI (200) boot: Loaded app from partition at offset 0x10000[0m
[0;32mI (200) boot: Disabling RNG early entropy source...[0m
[0;32mI (212) cpu_start: Multicore app[0m
[0;32mI (221) cpu_start: Pro cpu start user code[0m
[0;32mI (221) cpu_start: cpu freq: 160000000 Hz[0m
[0;32mI (221) cpu_start: Application information:[0m
[0;32mI (224) cpu_start: Project name:     VXL[0m
[0;32mI (229) cpu_start: App version:      1[0m
[0;32mI (233) cpu_start: Compile time:     May 24 2025 14:39:16[0m
[0;32mI (239) cpu_start: ELF file SHA256:  4d8592782...[0m
[0;32mI (244) cpu_start: ESP-IDF:          v5.2.5-dirty[0m
[0;32mI (250) cpu_start: Min chip rev:     v0.0[0m
[0;32mI (255) cpu_start: Max chip rev:     v3.99 [0m
[0;32mI (259) cpu_start: Chip rev:         v3.1[0m
[0;32mI (264) heap_init: Initializing. RAM available for dynamic allocation:[0m
[0;32mI (271) heap_init: At 3FFAE6E0 len 00001920 (6 KiB): DRAM[0m
[0;32mI (277) heap_init: At 3FFB3910 len 0002C6F0 (177 KiB): DRAM[0m
[0;32mI (284) heap_init: At 3FFE0440 len 00003AE0 (14 KiB): D/IRAM[0m
[0;32mI (290) heap_init: At 3FFE4350 len 0001BCB0 (111 KiB): D/IRAM[0m
[0;32mI (296) heap_init: At 4008EB00 len 00011500 (69 KiB): IRAM[0m
[0;32mI (304) spi_flash: detected chip: generic[0m
[0;32mI (307) spi_flash: flash io: dio[0m
[0;33mW (311) spi_flash: Detected size(4096k) larger than the size in the binary image header(2048k). Using the size in the binary image header.[0m
[0;33mW (324) i2c: This driver is an old driver, please migrate your application code to adapt `driver/i2c_master.h`[0m
[0;32mI (336) main_task: Started on CPU0[0m
[0;32mI (346) main_task: Calling app_main()[0m
[0;32mI (346) OLED: OLED configured successfully[0m
[0;33mW (486) i2s_platform: i2s controller 0 has been occupied by i2s_driver[0m
[0;31mE (486) i2s_common: i2s_new_channel(817): no available channel found[0m
ESP_ERROR_CHECK failed: esp_err_t 0x105 (ESP_ERR_NOT_FOUND) at 0x400d5cd6
file: "./lib/esp_inmp441.c" line 18
func: i2s_install
expression: i2s_new_channel(&chan_cfg, NULL, &rx_channel)

abort() was called at PC 0x40087273 on core 0


Backtrace: 0x400817ea:0x3ffb5a60 0x4008727d:0x3ffb5a80 0x4008d3e9:0x3ffb5aa0 0x40087273:0x3ffb5b10 0x400d5cd6:0x3ffb5b40 0x400d5d4f:0x3ffb5bc0 0x400d5990:0x3ffb5bf0 0x400e8248:0x3ffb5c10 0x40087d95:0x3ffb5c40




ELF file SHA256: 4d8592782

Rebooting...
ets Jul 29 2019 12:21:46

rst:0xc (SW_CPU_RESET),boot:0x13 (SPI_FAST_FLASH_BOOT)
configsip: 0, SPIWP:0xee
clk_drv:0x00,q_drv:0x00,d_drv:0x00,cs0_drv:0x00,hd_drv:0x00,wp_drv:0x00
mode:DIO, clock div:2
load:0x3fff0030,len:7172
load:0x40078000,len:15620
load:0x40080400,len:4
ho 8 tail 4 room 4
load:0x40080404,len:3904
entry 0x40080640
[0;32mI (31) boot: ESP-IDF v5.2.5-dirty 2nd stage bootloader[0m
[0;32mI (31) boot: compile time May 24 2025 14:40:16[0m
[0;32mI (31) boot: Multicore bootloader[0m
[0;32mI (36) boot: chip revision: v3.1[0m
[0;32mI (40) boot.esp32: SPI Speed      : 40MHz[0m
[0;32mI (44) boot.esp32: SPI Mode       : DIO[0m
[0;32mI (49) boot.esp32: SPI Flash Size : 2MB[0m
[0;32mI (53) boot: Enabling RNG early entropy source...[0m
[0;32mI (59) boot: Partition Table:[0m
[0;32mI (62) boot: ## Label            Usage          Type ST Offset   Length[0m
[0;32mI (70) boot:  0 nvs              WiFi data        01 02 00009000 00006000[0m
[0;32mI (77) boot:  1 phy_init         RF data          01 01 0000f000 00001000[0m
[0;32mI (84) boot:  2 factory          factory app      00 00 00010000 00100000[0m
[0;32mI (92) boot: End of partition table[0m
[0;32mI (96) esp_image: segment 0: paddr=00010020 vaddr=3f400020 size=0c314h ( 49940) map[0m
[0;32mI (122) esp_image: segment 1: paddr=0001c33c vaddr=3ffb0000 size=02ad4h ( 10964) load[0m
[0;32mI (126) esp_image: segment 2: paddr=0001ee18 vaddr=40080000 size=01200h (  4608) load[0m
[0;32mI (129) esp_image: segment 3: paddr=00020020 vaddr=400d0020 size=18b78h (101240) map[0m
[0;32mI (171) esp_image: segment 4: paddr=00038ba0 vaddr=40081200 size=0d900h ( 55552) load[0m
[0;32mI (200) boot: Loaded app from partition at offset 0x10000[0m
[0;32mI (200) boot: Disabling RNG early entropy source...[0m
[0;32mI (212) cpu_start: Multicore app[0m
[0;32mI (221) cpu_start: Pro cpu start user code[0m
[0;32mI (221) cpu_start: cpu freq: 160000000 Hz[0m
[0;32mI (221) cpu_start: Application information:[0m
[0;32mI (224) cpu_start: Project name:     VXL[0m
[0;32mI (229) cpu_start: App version:      1[0m
[0;32mI (233) cpu_start: Compile time:     May 24 2025 14:39:16[0m
[0;32mI (239) cpu_start: ELF file SHA256:  4d8592782...[0m
[0;32mI (244) cpu_start: ESP-IDF:          v5.2.5-dirty[0m
[0;32mI (250) cpu_start: Min chip rev:     v0.0[0m
[0;32mI (255) cpu_start: Max chip rev:     v3.99 [0m
[0;32mI (259) cpu_start: Chip rev:         v3.1[0m
[0;32mI (264) heap_init: Initializing. RAM available for dynamic allocation:[0m
[0;32mI (271) heap_init: At 3FFAE6E0 len 00001920 (6 KiB): DRAM[0m
[0;32mI (277) heap_init: At 3FFB3910 len 0002C6F0 (177 KiB): DRAM[0m
[0;32mI (284) heap_init: At 3FFE0440 len 00003AE0 (14 KiB): D/IRAM[0m
[0;32mI (290) heap_init: At 3FFE4350 len 0001BCB0 (111 KiB): D/IRAM[0m
[0;32mI (296) heap_init: At 4008EB00 len 00011500 (69 KiB): IRAM[0m
[0;32mI (304) spi_flash: detected chip: generic[0m
[0;32mI (307) spi_flash: flash io: dio[0m
[0;33mW (311) spi_flash: Detected size(4096k) larger than the size in the binary image header(2048k). Using the size in the binary image header.[0m
[0;33mW (324) i2c: This driver is an old driver, please migrate your application code to adapt `driver/i2c_master.h`[0m
[0;32mI (336) main_task: Started on CPU0[0m
[0;32mI (346) main_task: Calling app_main()[0m
[0;32mI (346) OLED: OLED configured successfully[0m
[0;33mW (486) i2s_platform: i2s controller 0 has been occupied by i2s_driver[0m
[0;31mE (486) i2s_common: i2s_new_channel(817): no available channel found[0m
ESP_ERROR_CHECK failed: esp_err_t 0x105 (ESP_ERR_NOT_FOUND) at 0x400d5cd6
file: "./lib/esp_inmp441.c" line 18
func: i2s_install
expression: i2s_new_channel(&chan_cfg, NULL, &rx_channel)

abort() was called at PC 0x40087273 on core 0


Backtrace: 0x400817ea:0x3ffb5a60 0x4008727d:0x3ffb5a80 0x4008d3e9:0x3ffb5aa0 0x40087273:0x3ffb5b10 0x400d5cd6:0x3ffb5b40 0x400d5d4f:0x3ffb5bc0 0x400d5990:0x3ffb5bf0 0x400e8248:0x3ffb5c10 0x40087d95:0x3ffb5c40




ELF file SHA256: 4d8592782

Rebooting...
ets Jul 29 2019 12:21:46

rst:0xc (SW_CPU_RESET),boot:0x13 (SPI_FAST_FLASH_BOOT)
configsip: 0, SPIWP:0xee
clk_drv:0x00,q_drv:0x00,d_drv:0x00,cs0_drv:0x00,hd_drv:0x00,wp_drv:0x00
mode:DIO, clock div:2
load:0x3fff0030,len:7172
load:0x40078000,len:15620
load:0x40080400,len:4
ho 8 tail 4 room 4
load:0x40080404,len:3904
entry 0x40080640
[0;32mI (31) boot: ESP-IDF v5.2.5-dirty 2nd stage bootloader[0m
[0;32mI (31) boot: compile time May 24 2025 14:40:16[0m
[0;32mI (31) boot: Multicore bootloader[0m
[0;32mI (36) boot: chip revision: v3.1[0m
[0;32mI (40) boot.esp32: SPI Speed      : 40MHz[0m
[0;32mI (44) boot.esp32: SPI Mode       : DIO[0m
[0;32mI (49) boot.esp32: SPI Flash Size : 2MB[0m
[0;32mI (53) boot: Enabling RNG early entropy source...[0m
[0;32mI (59) boot: Partition Table:[0m
[0;32mI (62) boot: ## Label            Usage          Type ST Offset   Length[0m
[0;32mI (70) boot:  0 nvs              WiFi data        01 02 00009000 00006000[0m
[0;32mI (77) boot:  1 phy_init         RF data          01 01 0000f000 00001000[0m
[0;32mI (84) boot:  2 factory          factory app      00 00 00010000 00100000[0m
[0;32mI (92) boot: End of partition table[0m
[0;32mI (96) esp_image: segment 0: paddr=00010020 vaddr=3f400020 size=0c314h ( 49940) map[0m
[0;32mI (122) esp_image: segment 1: paddr=0001c33c vaddr=3ffb0000 size=02ad4h ( 10964) load[0m
[0;32mI (126) esp_image: segment 2: paddr=0001ee18 vaddr=40080000 size=01200h (  4608) load[0m
[0;32mI (129) esp_image: segment 3: paddr=00020020 vaddr=400d0020 size=18b78h (101240) map[0m
[0;32mI (171) esp_image: segment 4: paddr=00038ba0 vaddr=40081200 size=0d900h ( 55552) load[0m
[0;32mI (200) boot: Loaded app from partition at offset 0x10000[0m
[0;32mI (200) boot: Disabling RNG early entropy source...[0m
[0;32mI (212) cpu_start: Multicore app[0m
[0;32mI (221) cpu_start: Pro cpu start user code[0m
[0;32mI (221) cpu_start: cpu freq: 160000000 Hz[0m
[0;32mI (221) cpu_start: Application information:[0m
[0;32mI (224) cpu_start: Project name:     VXL[0m
[0;32mI (229) cpu_start: App version:      1[0m
[0;32mI (233) cpu_start: Compile time:     May 24 2025 14:39:16[0m
[0;32mI (239) cpu_start: ELF file SHA256:  4d8592782...[0m
[0;32mI (244) cpu_start: ESP-IDF:          v5.2.5-dirty[0m
[0;32mI (250) cpu_start: Min chip rev:     v0.0[0m
[0;32mI (254) cpu_start: Max chip rev:     v3.99 [0m
[0;32mI (259) cpu_start: Chip rev:         v3.1[0m
[0;32mI (264) heap_init: Initializing. RAM available for dynamic allocation:[0m
[0;32mI (271) heap_init: At 3FFAE6E0 len 00001920 (6 KiB): DRAM[0m
[0;32mI (277) heap_init: At 3FFB3910 len 0002C6F0 (177 KiB): DRAM[0m
[0;32mI (284) heap_init: At 3FFE0440 len 00003AE0 (14 KiB): D/IRAM[0m
[0;32mI (290) heap_init: At 3FFE4350 len 0001BCB0 (111 KiB): D/IRAM[0m
[0;32mI (296) heap_init: At 4008EB00 len 00011500 (69 KiB): IRAM[0m
[0;32mI (304) spi_flash: detected chip: generic[0m
[0;32mI (307) spi_flash: flash io: dio[0m
[0;33mW (311) spi_flash: Detected size(4096k) larger than the size in the binary image header(2048k). Using the size in the binary image header.[0m
[0;33mW (324) i2c: This driver is an old driver, please migrate your application code to adapt `driver/i2c_master.h`[0m
[0;32mI (336) main_task: Started on CPU0[0m
[0;32mI (346) main_task: Calling app_main()[0m
[0;32mI (346) OLED: OLED configured successfully[0m
[0;33mW (486) i2s_platform: i2s controller 0 has been occupied by i2s_driver[0m
[0;31mE (486) i2s_common: i2s_new_channel(817): no available channel found[0m
ESP_ERROR_CHECK failed: esp_err_t 0x105 (ESP_ERR_NOT_FOUND) at 0x400d5cd6
file: "./lib/esp_inmp441.c" line 18
func: i2s_install
expression: i2s_new_channel(&chan_cfg, NULL, &rx_channel)

abort() was called at PC 0x40087273 on core 0


Backtrace: 0x400817ea:0x3ffb5a60 0x4008727d:0x3ffb5a80 0x4008d3e9:0x3ffb5aa0 0x40087273:0x3ffb5b10 0x400d5cd6:0x3ffb5b40 0x400d5d4f:0x3ffb5bc0 0x400d5990:0x3ffb5bf0 0x400e8248:0x3ffb5c10 0x40087d95:0x3ffb5c40




ELF file SHA256: 4d8592782

Rebooting...
ets Jul 29 2019 12:21:46

rst:0xc (SW_CPU_RESET),boot:0x13 (SPI_FAST_FLASH_BOOT)
configsip: 0, SPIWP:0xee
clk_drv:0x00,q_drv:0x00,d_drv:0x00,cs0_drv:0x00,hd_drv:0x00,wp_drv:0x00
mode:DIO, clock div:2
load:0x3fff0030,len:7172
load:0x40078000,len:15620
load:0x40080400,len:4
ho 8 tail 4 room 4
load:0x40080404,len:3904
entry 0x40080640
[0;32mI (31) boot: ESP-IDF v5.2.5-dirty 2nd stage bootloader[0m
[0;32mI (31) boot: compile time May 24 2025 14:40:16[0m
[0;32mI (31) boot: Multicore bootloader[0m
[0;32mI (36) boot: chip revision: v3.1[0m
[0;32mI (40) boot.esp32: SPI Speed      : 40MHz[0m
[0;32mI (44) boot.esp32: SPI Mode       : DIO[0m
[0;32mI (49) boot.esp32: SPI Flash Size : 2MB[0m
[0;32mI (53) boot: Enabling RNG early entropy source...[0m
[0;32mI (59) boot: Partition Table:[0m
[0;32mI (62) boot: ## Label            Usage          Type ST Offset   Length[0m
[0;32mI (70) boot:  0 nvs              WiFi data        01 02 00009000 00006000[0m
[0;32mI (77) boot:  1 phy_init         RF data          01 01 0000f000 00001000[0m
[0;32mI (84) boot:  2 factory          factory app      00 00 00010000 00100000[0m
[0;32mI (92) boot: End of partition table[0m
[0;32mI (96) esp_image: segment 0: paddr=00010020 vaddr=3f400020 size=0c314h ( 49940) map[0m
[0;32mI (122) esp_image: segment 1: paddr=0001c33c vaddr=3ffb0000 size=02ad4h ( 10964) load[0m
[0;32mI (126) esp_image: segment 2: paddr=0001ee18 vaddr=40080000 size=01200h (  4608) load[0m
[0;32mI (129) esp_image: segment 3: paddr=00020020 vaddr=400d0020 size=18b78h (101240) map[0m
[0;32mI (171) esp_image: segment 4: paddr=00038ba0 vaddr=40081200 size=0d900h ( 55552) load[0m
[0;32mI (200) boot: Loaded app from partition at offset 0x10000[0m
[0;32mI (200) boot: Disabling RNG early entropy source...[0m
[0;32mI (212) cpu_start: Multicore app[0m
[0;32mI (221) cpu_start: Pro cpu start user code[0m
[0;32mI (221) cpu_start: cpu freq: 160000000 Hz[0m
[0;32mI (221) cpu_start: Application information:[0m
[0;32mI (224) cpu_start: Project name:     VXL[0m
[0;32mI (229) cpu_start: App version:      1[0m
[0;32mI (233) cpu_start: Compile time:     May 24 2025 14:39:16[0m
[0;32mI (239) cpu_start: ELF file SHA256:  4d8592782...[0m
[0;32mI (244) cpu_start: ESP-IDF:          v5.2.5-dirty[0m
[0;32mI (250) cpu_start: Min chip rev:     v0.0[0m
[0;32mI (255) cpu_start: Max chip rev:     v3.99 [0m
[0;32mI (259) cpu_start: Chip rev:         v3.1[0m
[0;32mI (264) heap_init: Initializing. RAM available for dynamic allocation:[0m
[0;32mI (271) heap_init: At 3FFAE6E0 len 00001920 (6 KiB): DRAM[0m
[0;32mI (277) heap_init: At 3FFB3910 len 0002C6F0 (177 KiB): DRAM[0m
[0;32mI (284) heap_init: At 3FFE0440 len 00003AE0 (14 KiB): D/IRAM[0m
[0;32mI (290) heap_init: At 3FFE4350 len 0001BCB0 (111 KiB): D/IRAM[0m
[0;32mI (296) heap_init: At 4008EB00 len 00011500 (69 KiB): IRAM[0m
[0;32mI (304) spi_flash: detected chip: generic[0m
[0;32mI (307) spi_flash: flash io: dio[0m
[0;33mW (311) spi_flash: Detected size(4096k) larger than the size in the binary image header(2048k). Using the size in the binary image header.[0m
[0;33mW (324) i2c: This driver is an old driver, please migrate your application code to adapt `driver/i2c_master.h`[0m
[0;32mI (336) main_task: Started on CPU0[0m
[0;32mI (346) main_task: Calling app_main()[0m
[0;32mI (346) OLED: OLED configured successfully[0m
[0;33mW (486) i2s_platform: i2s controller 0 has been occupied by i2s_driver[0m
[0;31mE (486) i2s_common: i2s_new_channel(817): no available channel found[0m
ESP_ERROR_CHECK failed: esp_err_t 0x105 (ESP_ERR_NOT_FOUND) at 0x400d5cd6
file: "./lib/esp_inmp441.c" line 18
func: i2s_install
expression: i2s_new_channel(&chan_cfg, NULL, &rx_channel)

abort() was called at PC 0x40087273 on core 0


Backtrace: 0x400817ea:0x3ffb5a60 0x4008727d:0x3ffb5a80 0x4008d3e9:0x3ffb5aa0 0x40087273:0x3ffb5b10 0x400d5cd6:0x3ffb5b40 0x400d5d4f:0x3ffb5bc0 0x400d5990:0x3ffb5bf0 0x400e8248:0x3ffb5c10 0x40087d95:0x3ffb5c40




ELF file SHA256: 4d8592782

Rebooting...
ets Jul 29 2019 12:21:46

rst:0xc (SW_CPU_RESET),boot:0x13 (SPI_FAST_FLASH_BOOT)
configsip: 0, SPIWP:0xee
clk_drv:0x00,q_drv:0x00,d_drv:0x00,cs0_drv:0x00,hd_drv:0x00,wp_drv:0x00
mode:DIO, clock div:2
load:0x3fff0030,len:7172
load:0x40078000,len:15620
load:0x40080400,len:4
ho 8 tail 4 room 4
load:0x40080404,len:3904
entry 0x40080640
[0;32mI (31) boot: ESP-IDF v5.2.5-dirty 2nd stage bootloader[0m
[0;32mI (31) boot: compile time May 24 2025 14:40:16[0m
[0;32mI (31) boot: Multicore bootloader[0m
[0;32mI (36) boot: chip revision: v3.1[0m
[0;32mI (40) boot.esp32: SPI Speed      : 40MHz[0m
[0;32mI (44) boot.esp32: SPI Mode       : DIO[0m
[0;32mI (49) boot.esp32: SPI Flash Size : 2MB[0m
[0;32mI (53) boot: Enabling RNG early entropy source...[0m
[0;32mI (59) boot: Partition Table:[0m
[0;32mI (62) boot: ## Label            Usage          Type ST Offset   Length[0m
[0;32mI (70) boot:  0 nvs              WiFi data        01 02 00009000 00006000[0m
[0;32mI (77) boot:  1 phy_init         RF data          01 01 0000f000 00001000[0m
[0;32mI (84) boot:  2 factory          factory app      00 00 00010000 00100000[0m
[0;32mI (92) boot: End of partition table[0m
[0;32mI (96) esp_image: segment 0: paddr=00010020 vaddr=3f400020 size=0c314h ( 49940) map[0m
[0;32mI (122) esp_image: segment 1: paddr=0001c33c vaddr=3ffb0000 size=02ad4h ( 10964) load[0m
[0;32mI (126) esp_image: segment 2: paddr=0001ee18 vaddr=40080000 size=01200h (  4608) load[0m
[0;32mI (129) esp_image: segment 3: paddr=00020020 vaddr=400d0020 size=18b78h (101240) map[0m
[0;32mI (171) esp_image: segment 4: paddr=00038ba0 vaddr=40081200 size=0d900h ( 55552) load[0m
[0;32mI (200) boot: Loaded app from partition at offset 0x10000[0m
[0;32mI (200) boot: Disabling RNG early entropy source...[0m
[0;32mI (212) cpu_start: Multicore app[0m
[0;32mI (221) cpu_start: Pro cpu start user code[0m
[0;32mI (221) cpu_start: cpu freq: 160000000 Hz[0m
[0;32mI (221) cpu_start: Application information:[0m
[0;32mI (224) cpu_start: Project name:     VXL[0m
[0;32mI (229) cpu_start: App version:      1[0m
[0;32mI (233) cpu_start: Compile time:     May 24 2025 14:39:16[0m
[0;32mI (239) cpu_start: ELF file SHA256:  4d8592782...[0m
[0;32mI (244) cpu_start: ESP-IDF:          v5.2.5-dirty[0m
