ets Jun  8 2016 00:22:57

rst:0x1 (POWERON_RESET),boot:0x13 (SPReMQ}1M!}	==Q 
configsip: 0, A%]A 0xee
clk_drv:0x00,q_drv:0x00,d_drv:0x00,cs0_drv:0x00,hd_drv:0x00,wp_drv:0x00
mode:DIO, clock div:2
load:0 fff0030,len:6380
ho 0 tail 12 room 4
load:0x40078000,len:15904
load:0x40080400,len:3860
     0x40080638
I (28) boot: ESP-IDF v5.5-dev-3822-g27d68f57e6 2nd stage bootloader
I (28) boot: compile time May 24 2025 14:45:08
I (28) boot: Multicore bootloader
I (31) boot: chip revision: v1.1
I (34) boot.esp32: SPI Speed      : 40MHz
I (38) boot.esp32: SPI Mode       : DIO
I (41) boot.esp32: SPI Flash Size : 2MB
I (45) boot: Enabling RNG early entropy source...
I (49) boot: Partition Table:
I (52) boot: ## Label            Usage          Type ST Offset   Length
I (58) boot:  0 nvs              WiFi data        01 02 00009000 00006000
I (65) boot:  1 phy_init         RF data          01 01 0000f000 00001000
I (71) boot:  2 factory          factory app      00 00 00010000 00100000
I (78) boot: End of partition table
I (81) esp_image: segment 0: paddr=00010020 vaddr=3f400020 size=0b97ch ( 47484) map
I (105) esp_image: segment 1: paddr=0001b9a4 vaddr=3ff80000 size=00020h (    32) load
I (105) esp_image: segment 2: paddr=0001b9cc vaddr=3ffb0000 size=02404h (  9220) load
I (112) esp_image: segment 3: paddr=0001ddd8 vaddr=40080000 size=02240h (  8768) load
I (120) esp_image: segment 4: paddr=00020020 vaddr=400d0020 size=16bd8h ( 93144) map
I (156) esp_image: segment 5: paddr=00036c00 vaddr=40082240 size=0c1b8h ( 49592) load
I (182) boot: Loaded app from partition at offset 0x10000
I (182) boot: Disabling RNG early entropy source...
[0;32mI (192) cpu_start: Multicore app[0m
[0;32mI (201) cpu_start: Pro cpu start user code[0m
[0;32mI (201) cpu_start: cpu freq: 160000000 Hz[0m
[0;32mI (201) app_init: Application information:[0m
[0;32mI (204) app_init: Project name:     PPG_sensor[0m
[0;32mI (209) app_init: App version:      v5.5-dev-3822-g27d68f57e6[0m
[0;32mI (215) app_init: Compile time:     May 24 2025 14:44:53[0m
[0;32mI (221) app_init: ELF file SHA256:  8bf23abd5...[0m
[0;32mI (227) app_init: ESP-IDF:          v5.5-dev-3822-g27d68f57e6[0m
[0;32mI (233) efuse_init: Min chip rev:     v0.0[0m
[0;32mI (238) efuse_init: Max chip rev:     v3.99 [0m
[0;32mI (243) efuse_init: Chip rev:         v1.1[0m
[0;32mI (248) heap_init: Initializing. RAM available for dynamic allocation:[0m
[0;32mI (255) heap_init: At 3FFAE6E0 len 00001920 (6 KiB): DRAM[0m
[0;32mI (261) heap_init: At 3FFB2D68 len 0002D298 (180 KiB): DRAM[0m
[0;32mI (267) heap_init: At 3FFE0440 len 00003AE0 (14 KiB): D/IRAM[0m
[0;32mI (273) heap_init: At 3FFE4350 len 0001BCB0 (111 KiB): D/IRAM[0m
[0;32mI (280) heap_init: At 4008E3F8 len 00011C08 (71 KiB): IRAM[0m
[0;33mW (287) spi_flash: boya detected but related driver is not linked, please check option `SPI_FLASH_SUPPORT_BOYA_CHIP`[0m
[0;32mI (297) spi_flash: detected chip: generic[0m
[0;32mI (302) spi_flash: flash io: dio[0m
[0;33mW (306) spi_flash: Detected size(4096k) larger than the size in the binary image header(2048k). Using the size in the binary image header.[0m
[0;33mW (319) i2c: This driver is an old driver, please migrate your application code to adapt `driver/i2c_master.h`[0m
[0;32mI (330) main_task: Started on CPU0[0m
[0;32mI (340) main_task: Calling app_main()[0m
[0;32mI (340) max30102_test: Found MAX30102![0m
[0;32mI (340) main_task: Returned from app_main()[0m
0 0
25620 30026
25641 30089
25672 30155
25595 29956
25530 29771
25555 29832
25559 29851
25559 29839
25577 29888
25605 29965
25629 30026
25656 30083
25685 30157
25714 30229
25736 30292
25762 30350
25688 30156
25617 29944
25629 29992
25644 30011
25639 30017
25664 30073
25694 30151
25714 30207
25735 30257
25758 30316
25782 30382
25801 30431
25825 30488
25740 30277
25668 30064
25693 30112
25695 30132
25687 30126
25700 30171
25736 30250
25760 30306
25772 30362
25801 30412
25823 30481
25843 30535
25856 30571
25755 30278
25709 30146
25730 30202
25740 30220
25734 30215
25768 30283
25781 30356
25809 30410
25830 30462
25849 30523
25872 30585
25901 30657
25851 30531
25762 30256
25779 30286
25787 30328
25782 30318
25789 30330
25810 30410
25834 30472
25848 30513
25865 30555
25887 30616
25823 30433
25725 30182
25757 30235
25759 30265
25758 30254
25777 30305
25807 30390
25832 30449
25850 30485
25868 30531
25886 30585
25906 30633
25872 30557
25730 30158
25726 30135
25735 30175
25728 30161
25730 30162
25759 30253
25794 30360
25813 30408
25824 30444
25843 30488
25853 30519
25856 30521
25746 30220
25690 30061
25710 30124
25694 30098
25711 30119
25745 30233
25773 30302
25800 30358
25810 30375
25832 30432
25828 30410
25684 30025
25658 29974
25661 29977
25671 29994
25668 30008
25686 30066
25683 30101
25688 30128
25681 30153
25713 30210
25731 30254
25601 29905
25552 29769
25578 29835
25595 29856
25580 29843
25599 29897
25645 29988
25676 30057
25684 30099
25684 30126
25709 30196
25641 30025
25559 29763
25601 29874
25641 29934
25643 29933
25650 29966
25682 30056
25700 30109
25718 30148
25728 30198
25709 30177
25566 29779
25555 29763
25575 29825
25575 29825
25572 29827
25598 29905
25635 29983
25649 30033
25668 30083
25685 30136
25710 30206
25616 29953
25523 29712
25549 29796
25559 29821
25556 29807
25574 29853
25607 29937
25643 30020
25670 30104
25712 30232
25718 30288
25708 30301
25570 29928
25525 29767
25559 29847
25573 29873
25575 29880
25603 29952
25643 30049
25669 30122
25686 30171
25704 30232
25745 30320
25774 30398
25660 30093
25564 29856
25583 29925
25588 29944
25599 29958
25624 30029
25663 30137
25693 30216
25721 30284
25746 30366
25777 30443
25738 30338
25591 29951
25600 29981
25616 30034
25622 30038
25628 30061
25668 30175
25699 30271
25727 30347
25759 30442
25785 30551
25721 30380
25588 30038
25611 30103
25629 30142
25618 30126
25635 30178
25673 30300
25704 30379
25702 30390
25721 30444
25749 30528
25727 30469
25572 30056
25562 30026
25585 30089
25582 30071
25570 30056
25600 30118
25617 30172
25618 30183
25630 30209
25608 30152
25457 29743
25432 29688
25441 29726
25432 29719
25429 29710
25455 29780
25474 29832
25488 29865
25504 29902
25388 29611
25305 29384
25324 29428
25327 29447
25332 29455
25354 29520
25386 29595
25401 29647
25418 29685
25444 29765
25414 29677
25270 29290
25276 29297
25287 29324
25292 29325
25302 29352
25337 29451
25372 29535
25401 29607
25426 29674
25466 29743
25492 29823
25526 29913
25561 29995
25543 29928
25368 29454
25368 29451
25396 29510
25384 29502
25400 29532
25440 29634
25474 29722
25502 29789
25528 29859
25559 29930
25556 29916
25413 29543
25411 29520
25435 29590
25443 29608
25456 29636
25493 29738
25530 29823
25551 29887
25575 29943
25604 30018
25635 30106
25550 29881
25453 29625
25485 29703
25494 29713
25480 29686
25496 29737
25529 29818
25557 29872
25570 29918
25594 29985
25617 30040
25501 29726
25461 29617
25484 29677
25489 29695
25488 29692
25516 29770
25545 29845
25572 29899
25603 29962
25617 30028
25649 30102
25558 29851
25483 29651
25503 29690
25502 29707
25502 29707
25533 29775
25563 29843
25580 29888
25598 29932
25614 29986
25637 30043
25526 29748
25475 29618
25495 29674
25501 29691
25504 29699
25532 29768
25563 29848
25591 29906
25608 29959
25641 30036
25668 30093
25694 30163
25614 29947
25510 29673
25515 29706
25517 29712
25517 29718
25539 29761
25563 29833
25583 29885
25608 29934
25630 30001
25653 30063
25687 30136
25622 29971
25510 29681
25528 29724
25528 29732
25529 29742
25554 29794
25585 29874
25605 29939
25632 29981
25652 30046
25676 30110
25694 30152
25571 29821
25534 29726
25551 29771
25557 29792
25561 29805
25587 29876
25615 29949
25636 29996
25651 30040
25681 30113
25627 29971
25528 29710
25553 29767
25560 29798
25562 29804
25587 29852
25619 29940
25639 29998
25662 30053
25683 30114
25720 30199
25633 29971
25538 29726
25563 29792
25575 29814
25575 29807
25590 29859
25625 29951
25652 30014
25668 30058
25689 30107
25718 30182
25677 30077
25543 29726
25561 29771
25575 29807
25570 29801
25579 29836
25620 29937
25644 29996
25660 30038
25679 30092
25703 30162
25622 29949
25513 29661
25529 29703
25538 29729
25536 29737
25558 29790
25590 29875
25610 29932
25637 29989
25661 30058
25689 30128
25715 30186
25736 30252
25682 30119
25522 29698
25531 29735
25552 29775
25553 29785
25563 29826
25602 29923
25623 29976
25637 30013
25662 30073
25686 30152
25712 30230
25584 29890
25519 29740
25555 29814
25556 29835
25552 29819
25574 29887
25604 29970
25620 30021
25638 30064
25665 30134
25675 30158
25526 29772
25504 29732
25535 29801
25531 29799
25524 29799
25560 29883
25584 29961
25605 30001
25624 30051
25643 30117
25670 30181
25550 29876
25443 29601
25453 29631
25454 29631
25451 29638
25472 29696
25504 29778
25527 29837
25551 29884
25569 29952
25597 30024
25617 30065
25463 29679
25413 29565
25434 29618
25444 29639
25444 29651
25489 29741
25521 29832
25538 29880
25551 29919
25585 30002
25515 29816
25408 29556
25431 29624
25450 29666
25445 29653
25465 29707
25503 29798
25520 29854
25541 29906
25574 29986
25486 29752
25372 29487
25382 29513
25399 29557
25413 29586
25425 29621
25452 29700
25480 29761
25497 29813
25538 29903
25484 29775
25335 29413
25341 29430
25344 29449
25365 29497
25379 29537
25428 29649
25475 29752
25500 29823
25528 29899
25567 29990
25508 29842
25364 29493
25383 29544
25395 29565
25406 29588
25416 29618
25455 29705
25478 29775
25497 29822
25521 29876
25546 29929
25403 29573
25345 29461
25370 29509
25384 29544
25395 29567
25446 29707
25512 29867
25535 29924
25556 29973
25589 30064
25538 29920
25385 29554
25392 29579
25401 29588
25408 29622
25425 29662
25463 29757
25494 29838
25516 29882
25534 29937
25560 30007
25590 30075
25620 30142
25643 30193
25677 30266
25692 30324
25521 29883
25454 29715
25466 29760
25467 29762
25466 29760
25483 29817
25521 29910
25546 29978
25577 30044
25593 30100
25627 30175
25641 30213
25495 29851
25468 29782
25486 29831
25496 29850
25500 29865
25540 29965
25576 30051
25598 30100
25621 30152
25649 30238
25586 30075
25482 29813
25492 29855
25509 29885
25504 29882
25523 29927
25555 30015
25581 30074
25599 30125
25625 30187
25655 30257
25654 30250
25496 29860
25481 29820
25479 29828
25499 29864
25503 29884
25536 29965
25569 30038
25591 30099
25617 30162
25655 30243
25680 30313
25708 30378
25737 30444
25612 30143
25523 29915
25538 29939
25545 29956
25552 29977
25576 30029
25605 30111
25627 30171
25651 30220
25681 30287
25709 30363
25745 30445
25768 30515
25654 30213
25568 29992
25589 30038
25589 30039
25593 30037
25612 30101
25649 30192
25667 30240
25687 30286
25706 30338
25737 30407
25650 30183
25548 29929
25571 29987
25582 30008
25592 30024
25612 30084
25651 30184
25676 30244
25698 30300
25727 30363
25756 30446
25781 30511
25797 30549
25822 30604
25772 30469
25602 30034
25606 30048
25612 30054
25610 30060
25623 30090
25653 30170
25680 30237
25701 30283
25718 30338
25750 30398
25771 30458
25794 30522
25681 30220
25570 29945
25591 29998
25599 30013
25589 30002
25609 30058
25656 30158
25680 30226
25706 30292
25737 30357
25760 30431
25680 30215
25567 29920
25590 29977
25599 30005
25604 30004
25609 30036
25644 30121
25666 30173
25683 30222
25705 30274
25737 30355
25765 30425
25791 30496
25755 30386
25564 29904
25558 29889
25556 29887
25541 29862
25542 29858
25567 29932
25597 30010
25622 30057
25638 30109
25670 30181
25697 30242
25726 30320
25619 30042
25515 29751
25539 29830
25553 29853
25543 29840
25561 29887
25599 29983
25622 30043
25635 30083
25659 30136
25695 30213
25643 30064
25486 29682
25512 29743
25531 29783
25534 29784
25556 29835
25593 29932
25623 30006
25642 30057
25669 30114
25700 30192
25727 30267
25753 30336
25778 30394
25793 30440
25615 29978
25540 29763
25568 29846
25569 29853
25573 29865
25599 29941
25637 30040
25671 30109
25689 30166
25715 30227
25742 30293
25765 30362
25797 30441
25725 30253
25567 29845
25595 29911
25612 29963
25602 29940
25611 29958
25650 30067
25673 30137
25690 30168
25709 30218
25742 30296
25660 30092
25525 29740
25544 29795
25554 29822
25552 29811
25561 29848
25598 29936
25618 29996
25636 30044
25660 30099
25689 30167
25713 30237
25733 30296
25676 30135
25497 29684
25507 29716
25511 29724
25509 29726
25517 29743
25547 29823
25576 29900
25600 29953
25627 30019
25660 30104
25665 30120
25510 29712
25499 29700
25531 29775
25544 29810
25550 29830
25596 29931
25625 30019
25649 30070
25667 30121
25697 30196
25718 30273
25750 30348
25657 30110
25506 29725
25516 29758
25517 29757
25513 29772
25528 29806
25565 29898
25594 29969
25618 30026
25639 30093
25669 30165
25695 30231
25704 30241
25525 29796
25499 29728
25512 29766
25517 29785
25525 29806
25565 29901
25591 29980
25611 30023
25628 30074
25652 30133
25667 30167
25511 29775
25471 29669
25497 29741
25500 29750
25498 29756
25543 29860
25573 29939
25593 29996
25622 30062
25656 30150
25690 30236
25661 30153
25480 29701
25477 29690
25479 29702
25488 29721
25490 29743
25531 29845
25569 29930
25593 29994
25621 30063
25655 30140
25681 30215
25714 30283
25730 30338
25565 29915
25485 29718
25502 29763
25508 29780
25512 29791
25540 29870
25580 29972
25611 30046
25636 30103
25655 30160
25686 30235
25722 30318
25639 30109
25491 29743
25516 29802
25535 29848
25531 29835
25544 29875
25586 29978
25611 30050
25633 30101
25649 30142
25682 30231
25615 30045
25453 29661
25478 29727
25518 29832
25541 29884
25570 29961
25623 30102
25664 30195
25690 30261
25721 30343
25767 30447
25801 30535
25834 30616
25834 30623
25619 30069
25590 29995
25620 30067
25621 30084
25629 30089
25661 30173
25697 30266
25719 30318
25739 30374
25771 30449
25795 30506
25814 30559
25823 30578
25638 30110
25581 29975
25614 30060
25620 30077
25614 30060
25636 30127
25674 30216
25693 30272
25705 30310
25741 30392
25752 30416
25599 30030
25581 29992
25620 30088
25622 30089
25617 30079
25661 30188
25699 30285
25714 30337
25737 30394
25766 30462
25796 30536
25784 30508
25594 30026
25576 29981
25589 30020
25595 30033
25597 30044
25635 30145
25681 30262
25698 30306
25722 30360
25748 30424
25774 30496
25792 30540
25815 30588
25650 30175
25547 29936
25574 29990
25574 30001
25567 29982
25587 30033
25616 30131
25641 30189
25660 30230
25682 30292
25718 30371
25699 30336
25529 29903
25519 29880
25542 29940
25539 29936
25545 29946
25581 30043
25616 30129
25627 30164
25649 30218
25685 30302
25643 30197
25472 29783
25470 29776
25491 29821
25492 29825
25501 29850
25536 29940
25567 30015
25598 30077
25619 30127
25656 30216
25689 30302
25658 30238
25463 29728
25438 29671
25464 29729
25470 29754
25480 29769
25515 29867
25554 29955
25574 30010
25592 30053
25630 30146
25572 30001
25435 29650
25459 29713
25493 29803
25488 29791
25497 29821
25545 29937
25559 29984
25579 30014
25606 30078
25462 29724
25391 29553
25432 29648
25442 29683
25445 29677
25484 29771
25523 29875
25551 29937
25576 29993
25539 29904
25382 29489
25371 29482
25373 29495
25365 29473
25346 29408
25349 29420
25357 29439
25359 29446
25380 29493
25316 29330
25126 28875
25151 28935
25186 29002
25203 29034
25228 29081
25285 29208
25342 29322
25382 29414
25427 29514
25485 29641
25534 29751
25587 29870
25637 29977
25684 30086
25549 29741
25444 29482
25497 29602
25514 29640
25509 29640
25546 29714
25592 29815
25617 29866
25631 29900
25655 29956
25670 29985
25527 29630
25508 29582
25543 29686
25560 29716
25564 29720
25607 29819
25640 29918
25671 29976
25696 30043
25729 30112
25761 30187
25700 30036
25550 29666
25575 29730
25592 29768
25593 29771
25602 29796
25637 29878
25672 29956
25693 30014
25716 30077
25746 30140
25778 30224
25701 30017
25565 29687
25600 29766
25602 29792
25592 29764
25600 29791
25637 29870
25666 29944
25688 30008
25721 30073
25752 30143
25778 30214
25645 29882
25570 29684
25609 29777
25610 29795
25598 29767
25618 29821
25656 29914
25684 29972
25704 30021
25727 30087
25754 30151
25616 29801
25567 29671
25611 29779
25624 29815
25625 29811
25660 29899
25704 30007
25726 30060
25747 30115
25782 30188
25816 30271
25850 30365
25776 30162
25627 29783
25659 29859
25668 29901
25663 29895
25684 29936
25723 30033
25754 30109
25776 30159
25800 30221
25825 30281
25857 30351
25795 30186
25642 29808
25656 29853
25660 29869
25654 29853
25667 29876
25706 29980
25728 30042
25749 30084
25766 30128
25774 30156
25677 29891
25573 29632
25607 29719
25623 29762
25619 29739
25640 29807
25684 29910
25713 29977
25737 30037
25768 30105
25711 29959
25565 29582
25583 29625
25603 29656
25602 29657
25617 29699
25659 29797
25687 29869
25715 29936
25738 29990
25773 30075
25710 29898
25545 29475
25571 29535
25581 29553
25579 29544
25599 29590
25641 29691
25677 29782
25709 29862
25746 29937
25770 29998
25807 30085
25830 30146
25870 30226
25774 29981
25621 29576
25658 29674
25667 29698
25659 29671
25684 29712
25725 29824
25757 29888
25784 29975
25840 30113
25875 30204
25908 30279
25806 30005
25703 29740
25753 29868
25775 29918
25747 29848
25756 29881
25791 29972
25821 30044
25840 30098
25870 30168
25884 30198
25722 29763
25693 29711
25737 29826
25729 29811
25723 29795
25761 29899
25798 29984
25816 30045
25847 30116
25869 30180
25893 30232
25730 29810
25645 29595
25686 29714
25697 29738
25685 29711
25728 29818
25769 29932
25791 29995
25816 30059
25846 30128
25886 30224
25798 30001
25670 29682
25724 29807
25742 29862
25722 29818
25749 29880
25793 29989
25814 30048
25822 30084
25839 30117
25853 30137
25694 29741
25647 29627
25688 29749
25687 29738
25676 29722
25721 29830
25751 29922
25770 29972
25799 30037
25829 30109
25849 30168
25669 29710
25627 29607
25653 29680
25660 29691
25657 29692
25691 29779
25724 29862
25737 29901
25766 29952
25783 30019
25810 30091
25797 30043
25596 29533
25584 29510
25592 29516
25586 29513
25589 29517
25619 29602
25642 29670
25665 29719
25690 29786
25729 29877
25762 29968
25792 30042
25777 29981
25585 29503
25587 29523
25607 29574
25613 29585
25626 29621
25661 29700
25680 29748
25692 29784
25712 29833
25739 29899
25752 29936
25587 29502
25542 29400
25575 29474
25576 29481
25582 29494
25624 29602
25660 29693
25683 29746
25705 29817
25740 29898
25769 29969
25791 30021
25628 29609
25545 29398
25575 29473
25572 29453
25558 29426
25593 29516
25624 29605
25653 29670
25678 29725
25699 29788
25735 29869
25765 29948
25632 29609
25553 29403
25603 29536
25619 29588
25628 29591
25660 29674
25705 29780
25731 29840
25759 29911
25792 29993
25819 30063
25675 29686
25627 29580
25666 29671
25660 29669
25665 29676
25705 29769
25735 29852
25759 29904
25785 29963
25812 30035
25840 30106
25829 30064
25659 29643
25664 29667
25693 29739
25694 29733
25698 29760
25753 29877
25783 29955
25804 30001
25823 30063
25825 30053
25682 29693
25695 29723
25713 29768
25708 29764
25711 29780
25753 29869
25780 29925
25792 29965
25814 30016
25799 29976
25631 29557
25628 29538
25626 29544
25647 29588
25662 29617
25701 29722
25732 29799
25755 29864
25793 29946
25826 30032
25859 30108
25864 30113
25675 29627
25643 29555
25633 29535
25652 29575
25666 29595
25694 29684
25736 29774
25761 29833
25790 29902
25828 29983
25865 30072
25893 30148
25916 30216
25949 30281
25927 30244
25730 29727
25731 29726
25738 29758
25753 29783
25771 29824
25808 29921
25848 30008
25878 30081
25904 30142
25936 30233
25974 30321
26001 30392
26024 30456
26048 30515
26068 30566
25910 30150
25836 29959
25882 30084
25890 30100
25865 30048
25895 30116
25928 30215
25948 30268
25966 30314
25998 30384
26010 30417
25857 30024
25824 29947
25858 30038
25862 30055
25856 30048
25898 30148
25933 30244
25956 30308
25980 30369
26011 30446
26038 30522
26051 30545
25845 30034
25798 29914
25823 29978
25827 29996
25827 29998
25856 30078
25891 30174
25915 30230
25931 30282
25970 30376
25904 30200
25768 29851
25793 29936
25812 29987
25803 29957
25809 29984
25848 30088
25871 30133
25879 30167
25898 30219
25906 30236
25729 29794
25706 29743
25721 29781
25732 29814
25736 29838
25777 29945
25821 30040
25839 30090
25864 30141
25885 30202
25909 30259
25901 30241
25669 29661
25622 29551
25620 29559
25638 29601
25658 29647
25713 29789
25767 29926
25809 30017
25837 30093
25876 30188
25919 30294
25951 30377
25969 30421
25882 30177
25726 29776
25755 29849
25767 29881
25763 29867
25774 29906
25815 30012
25842 30087
25861 30124
25875 30156
25903 30221
25938 30313
25876 30165
25682 29656
25696 29692
25714 29746
25717 29746
25729 29779
25770 29904
25802 29991
25833 30051
25860 30115
25887 30183
25919 30275
25806 29973
25655 29586
25677 29646
25677 29660
25681 29656
25707 29718
25756 29847
25797 29962
25845 30064
25864 30122
25882 30166
25891 30200
25840 30067
25667 29618
25693 29689
25719 29752
25709 29747
25726 29784
25783 29920
25813 30004
25836 30053
25858 30113
25891 30209
25930 30312
25948 30357
25752 29832
25697 29708
25746 29835
25763 29879
25762 29880
25799 29973
25836 30063
25849 30099
25866 30137
25891 30199
25920 30277
25949 30364
25833 30047
25754 29846
25809 29984
25819 30026
25795 29968
25819 30026
25861 30135
25875 30176
25887 30200
25911 30257
25888 30203
25735 29816
25768 29909
25808 30023
25790 29978
25799 30000
25846 30123
25876 30200
25893 30235
25915 30299
25950 30374
25811 30009
25754 29870
25829 30054
25852 30122
25815 30029
25830 30072
25858 30150
25891 30232
25906 30258
25912 30303
25855 30164
25746 29878
25807 30029
25841 30111
25817 30054
25836 30096
25874 30205
25899 30259
25923 30310
25948 30393
25953 30407
25807 30008
25821 30046
25874 30182
25852 30147
25832 30101
25861 30178
25909 30291
25928 30356
25940 30395
25902 30286
25778 29948
25822 30062
25871 30188
25854 30135
25872 30188
25919 30326
25948 30413
25969 30467
25994 30537
25953 30403
25804 30024
25843 30136
25868 30210
25844 30152
25864 30202
25908 30328
25938 30401
25950 30442
25971 30503
25958 30460
25796 30035
25823 30106
25864 30220
25843 30177
25854 30201
25902 30321
25923 30407
25941 30459
25961 30511
25988 30587
25871 30259
25799 30076
25868 30253
25878 30281
25858 30236
25893 30330
25932 30445
25960 30507
25967 30542
25995 30614
25962 30512
25824 30121
25862 30230
25897 30340
25877 30291
25896 30342
25944 30467
25969 30544
25988 30586
25999 30635
26009 30646
25843 30200
25827 30155
25867 30268
25858 30250
25861 30256
25896 30372
25939 30479
25959 30535
25982 30596
26007 30668
26044 30773
25885 30335
25837 30203
25889 30344
25893 30350
25882 30323
25914 30401
25956 30496
25964 30527
25967 30532
25983 30558
25994 30607
25953 30479
25773 30016
25784 30054
25793 30082
25778 30046
25782 30065
25816 30165
25838 30223
25852 30254
25864 30311
25853 30260
25682 29821
25680 29827
25701 29880
25718 29918
25732 29955
25775 30072
25811 30167
25845 30256
25897 30396
25992 30659
26059 30843
26098 30937
26037 30746
25825 30173
25863 30281
25892 30367
25880 30340
25888 30339
25892 30356
25900 30374
25915 30431
25947 30516
25982 30601
26003 30668
26032 30740
25878 30313
25781 30065
25824 30186
25831 30210
25823 30199
25864 30297
25907 30408
25927 30468
25943 30514
25966 30583
26003 30676
26004 30686
25813 30180
25831 30226
25888 30365
25881 30360
25861 30318
25883 30368
25915 30458
25928 30501
25937 30524
25958 30573
25987 30646
25829 30231
25743 30028
25780 30118
25789 30152
25782 30147
25820 30244
25864 30367
25880 30422
25904 30485
25943 30593
25991 30722
25810 30236
25730 30034
25767 30133
25756 30107
25721 30028
25745 30079
25761 30134
25770 30172
25781 30201
25816 30285
25744 30101
25607 29753
25626 29820
25633 29836
25636 29851
25651 29898
25692 30007
25724 30090
25747 30160
25780 30246
25829 30370
25771 30210
25624 29851
25667 29960
25688 30015
25677 29978
25705 30049
25749 30168
25773 30235
25792 30284
25814 30347
25852 30440
25886 30525
25722 30099
25658 29935
25704 30057
25703 30068
25690 30042
25732 30138
25768 30234
25790 30291
25810 30326
25832 30398
25869 30487
25899 30560
25906 30582
25709 30068
25672 29981
25715 30089
25713 30084
25709 30076
25743 30171
25781 30273
25805 30335
25826 30380
25858 30465
25896 30549
25910 30605
25805 30321
25670 29961
25714 30085
25726 30121
25698 30047
25704 30070
25742 30165
25760 30220
25773 30247
25795 30294
25819 30366
25719 30102
25592 29790
25625 29867
25631 29886
25629 29872
25649 29941
25688 30048
25716 30116
25733 30167
25762 30233
25791 30308
25815 30370
25642 29928
25601 29813
25633 29917
25635 29926
25638 29935
25670 30023
25709 30117
25735 30184
25760 30244
25782 30301
25820 30395
25776 30280
25613 29858
25638 29920
25674 30008
25658 29973
25672 30014
25722 30147
25753 30230
25775 30276
25789 30322
25824 30424
25712 30104
25628 29892
25672 30015
25688 30052
25674 30010
25701 30087
25742 30193
25754 30235
25760 30244
25790 30310
25746 30193
25590 29800
25612 29863
25628 29911
25634 29920
25645 29957
25689 30072
25719 30145
25737 30194
25760 30254
25791 30328
25824 30408
25711 30116
25580 29778
25605 29853
25607 29861
25607 29854
25629 29909
25666 30007
25685 30071
25706 30114
25733 30171
25756 30242
25783 30313
25812 30377
25798 30342
25607 29831
25598 29821
25621 29876
25619 29873
25615 29866
25645 29941
25676 30024
25703 30091
25729 30162
25759 30239
25794 30333
25847 30450
25722 30113
25609 29850
25659 29968
25674 30015
25663 29973
25688 30052
25720 30129
25709 30122
25734 30169
25759 30240
25777 30273
25621 29867
25576 29754
25619 29884
25619 29881
25609 29858
25653 29974
25693 30067
25706 30112
25726 30158
25752 30220
25763 30246
25589 29790
25554 29712
25585 29796
25583 29786
25580 29780
25618 29882
25660 29984
25692 30067
25719 30141
25748 30206
25780 30276
25763 30222
25574 29740
25580 29768
25620 29866
25618 29855
25628 29890
25671 30004
25704 30090
25737 30164
25761 30228
25799 30313
25834 30403
25770 30235
25611 29837
25660 29942
25683 30025
25674 29990
25695 30048
25735 30155
25770 30232
25790 30280
25809 30322
25823 30364
25832 30379
25666 29937
25635 29862
25670 29957
25665 29948
25665 29942
25696 30040
25734 30118
25753 30163
25764 30199
25794 30262
25784 30246
25617 29805
25612 29802
25649 29894
25648 29893
25654 29910
25698 30022
25726 30091
25734 30089
25726 30072
25748 30132
25663 29919
25505 29507
25530 29579
25543 29607
25541 29586
25562 29648
25600 29742
25627 29798
25647 29844
25680 29908
25711 29995
25622 29754
25466 29357
25502 29436
25510 29441
25527 29481
25568 29581
25616 29700
25651 29783
25681 29855
25707 29921
25744 29999
25732 29981
25560 29530
25560 29530
25596 29620
25598 29617
25609 29641
25656 29750
25694 29842
25715 29893
25739 29952
25769 30022
25795 30092
25825 30174
25712 29861
25593 29571
25644 29692
25663 29737
25650 29701
25673 29768
25718 29880
25747 29947
25772 30004
25803 30084
25840 30182
25878 30279
25837 30165
25667 29725
25695 29800
25718 29854
25688 29775
25689 29790
25738 29917
25769 29996
25788 30047
25815 30111
25851 30202
25859 30207
25658 29702
25637 29645
25674 29742
25669 29737
25675 29740
25719 29854
25756 29962
25785 30022
25806 30081
25832 30155
25872 30237
25703 29803
25640 29650
25684 29775
25690 29781
25670 29728
25692 29793
25734 29891
25753 29953
25769 30008
25802 30085
25836 30146
25668 29723
25597 29551
25644 29671
25644 29683
25624 29631
25666 29728
25709 29835
25740 29911
25761 29972
25798 30066
25839 30171
25771 29981
25603 29576
25646 29676
25679 29761
25660 29719
25678 29766
25727 29884
25749 29959
25774 30000
25792 30051
25823 30128
25756 29954
25596 29547
25625 29635
25659 29715
25635 29658
25654 29709
25701 29835
25739 29924
25760 29972
25779 30023
25808 30101
25833 30157
25660 29709
25613 29602
25672 29740
25672 29758
25671 29740
25711 29843
25759 29957
25784 30017
25805 30067
25821 30120
25856 30196
25711 29830
25614 29589
25661 29716
25679 29749
25655 29702
25688 29791
25734 29906
25760 29975
25790 30029
25813 30109
25713 29843
25570 29489
25603 29574
25618 29608
25608 29582
25634 29647
25681 29772
25712 29847
25734 29902
25763 29968
25800 30062
25658 29701
25543 29430
25581 29514
25596 29547
25594 29546
25630 29636
25685 29757
25699 29806
25722 29861
25756 29947
25797 30048
25835 30132
25855 30187
25796 30024
25576 29495
25585 29526
25610 29581
25598 29548
25610 29566
25664 29695
25687 29771
25704 29806
25728 29856
25759 29946
25774 29976
25590 29517
25548 29408
25564 29453
25573 29468
25574 29472
25613 29567
25650 29665
25679 29726
25713 29799
25731 29866
25772 29953
25794 30006
25598 29531
25548 29401
25584 29490
25590 29511
25597 29515
25639 29622
25674 29717
25705 29782
25728 29839
25762 29923
25792 30005
25833 30101
25709 29790
25580 29479
25632 29601
25648 29649
25641 29629
25672 29709
25730 29846
25761 29925
25784 29990
25814 30062
25855 30161
25805 30032
25646 29650
25684 29745
25725 29842
25701 29792
25710 29817
25764 29948
25790 30020
25813 30063
25835 30123
25869 30217
25830 30113
25645 29657
25675 29726
25717 29839
25699 29808
25713 29840
25765 29977
25803 30075
25824 30116
25844 30173
25879 30260
25916 30350
25733 29889
25646 29676
25688 29793
25695 29818
25684 29787
25716 29872
25764 29993
25792 30057
25810 30100
25837 30168
25876 30257
25866 30242
25654 29712
25635 29665
25672 29753
25667 29755
25668 29752
25705 29855
25748 29955
25773 30015
25786 30071
25823 30150
25867 30258
25802 30091
25612 29621
25635 29675
25647 29716
